Archive member included because of file (symbol)

/opt/ps3dev/portlibs/ppu/lib/libya2d.a(ya2d.o)
                              main.o (ya2d_init)
/opt/ps3dev/portlibs/ppu/lib/libya2d.a(ya2d_controls.o)
                              main.o (ya2d_controlsRead)
/opt/ps3dev/portlibs/ppu/lib/libya2d.a(ya2d_draw.o)
                              main.o (ya2d_drawFillRect)
/opt/ps3dev/portlibs/ppu/lib/libya2d.a(ya2d_screen.o)
                              main.o (ya2d_screenClear)
/opt/ps3dev/portlibs/ppu/lib/libya2d.a(ya2d_texture.o)
                              main.o (ya2d_freeTexture)
/opt/ps3dev/portlibs/ppu/lib/libya2d.a(ya2d_utils.o)
                              /opt/ps3dev/portlibs/ppu/lib/libya2d.a(ya2d_texture.o) (swizzle_fast)
/opt/ps3dev/portlibs/ppu/lib/libya2d.a(msxfont.o)
                              /opt/ps3dev/portlibs/ppu/lib/libya2d.a(ya2d.o) (msxfont)
/opt/ps3dev/portlibs/ppu/lib/libya2d.a(valloc.o)
                              /opt/ps3dev/portlibs/ppu/lib/libya2d.a(ya2d.o) (init_valloc)
/opt/ps3dev/portlibs/ppu/lib/libfont.a(libfont.o)
                              /opt/ps3dev/portlibs/ppu/lib/libya2d.a(ya2d.o) (ResetFont)
/opt/ps3dev/portlibs/ppu/lib/libtiny3d.a(matrix.o)
                              /opt/ps3dev/portlibs/ppu/lib/libya2d.a(ya2d_texture.o) (MatrixMultiply)
/opt/ps3dev/portlibs/ppu/lib/libtiny3d.a(tiny3d.o)
                              /opt/ps3dev/portlibs/ppu/lib/libya2d.a(ya2d.o) (tiny3d_Exit)
/opt/ps3dev/portlibs/ppu/lib/libtiny3d.a(vshader_text_normal.vcg.o)
                              /opt/ps3dev/portlibs/ppu/lib/libtiny3d.a(tiny3d.o) (vshader_text_normal_bin)
/opt/ps3dev/portlibs/ppu/lib/libtiny3d.a(commands.o)
                              /opt/ps3dev/portlibs/ppu/lib/libtiny3d.a(tiny3d.o) (rsxtiny_MakeCmdSpace)
/opt/ps3dev/portlibs/ppu/lib/libtiny3d.a(glue.o)
                              /opt/ps3dev/portlibs/ppu/lib/libtiny3d.a(tiny3d.o) (rsxtiny_FlushBuffer)
/opt/ps3dev/portlibs/ppu/lib/libtiny3d.a(mm.o)
                              /opt/ps3dev/portlibs/ppu/lib/libtiny3d.a(tiny3d.o) (rsxtiny_MemAlign)
/opt/ps3dev/portlibs/ppu/lib/libtiny3d.a(realityVP.o)
                              /opt/ps3dev/portlibs/ppu/lib/libtiny3d.a(commands.o) (rsxtiny_VertexProgramGetUCode)
/opt/ps3dev/portlibs/ppu/lib/libtiny3d.a(rsxutil.o)
                              /opt/ps3dev/portlibs/ppu/lib/libtiny3d.a(tiny3d.o) (waitFlip)
/opt/ps3dev/portlibs/ppu/lib/libtiny3d.a(buffer.o)
                              /opt/ps3dev/portlibs/ppu/lib/libtiny3d.a(commands.o) (tiny_rsxContextCallback)
/opt/ps3dev/ppu/lib/gcc/powerpc64-ps3-elf/4.7.0/../../../../powerpc64-ps3-elf/lib/libc.a(lib_a-atexit.o)
                              /opt/ps3dev/portlibs/ppu/lib/libtiny3d.a(tiny3d.o) (atexit)
/opt/ps3dev/ppu/lib/gcc/powerpc64-ps3-elf/4.7.0/../../../../powerpc64-ps3-elf/lib/libc.a(lib_a-exit.o)
                              /opt/ps3dev/ppu/lib/gcc/powerpc64-ps3-elf/4.7.0/../../../../powerpc64-ps3-elf/lib/lv2-crt0.o (exit)
/opt/ps3dev/ppu/lib/gcc/powerpc64-ps3-elf/4.7.0/../../../../powerpc64-ps3-elf/lib/libc.a(lib_a-impure.o)
                              /opt/ps3dev/ppu/lib/gcc/powerpc64-ps3-elf/4.7.0/../../../../powerpc64-ps3-elf/lib/libc.a(lib_a-exit.o) (_global_impure_ptr)
/opt/ps3dev/ppu/lib/gcc/powerpc64-ps3-elf/4.7.0/../../../../powerpc64-ps3-elf/lib/libc.a(lib_a-malign.o)
                              /opt/ps3dev/portlibs/ppu/lib/libtiny3d.a(rsxutil.o) (memalign)
/opt/ps3dev/ppu/lib/gcc/powerpc64-ps3-elf/4.7.0/../../../../powerpc64-ps3-elf/lib/libc.a(lib_a-malignr.o)
                              /opt/ps3dev/ppu/lib/gcc/powerpc64-ps3-elf/4.7.0/../../../../powerpc64-ps3-elf/lib/libc.a(lib_a-malign.o) (_memalign_r)
/opt/ps3dev/ppu/lib/gcc/powerpc64-ps3-elf/4.7.0/../../../../powerpc64-ps3-elf/lib/libc.a(lib_a-malloc.o)
                              /opt/ps3dev/portlibs/ppu/lib/libya2d.a(ya2d_texture.o) (malloc)
/opt/ps3dev/ppu/lib/gcc/powerpc64-ps3-elf/4.7.0/../../../../powerpc64-ps3-elf/lib/libc.a(lib_a-mallocr.o)
                              /opt/ps3dev/ppu/lib/gcc/powerpc64-ps3-elf/4.7.0/../../../../powerpc64-ps3-elf/lib/libc.a(lib_a-malignr.o) (_malloc_r)
/opt/ps3dev/ppu/lib/gcc/powerpc64-ps3-elf/4.7.0/../../../../powerpc64-ps3-elf/lib/libc.a(lib_a-memcpy.o)
                              /opt/ps3dev/portlibs/ppu/lib/libya2d.a(ya2d_texture.o) (memcpy)
/opt/ps3dev/ppu/lib/gcc/powerpc64-ps3-elf/4.7.0/../../../../powerpc64-ps3-elf/lib/libc.a(lib_a-memset.o)
                              /opt/ps3dev/portlibs/ppu/lib/libfont.a(libfont.o) (memset)
/opt/ps3dev/ppu/lib/gcc/powerpc64-ps3-elf/4.7.0/../../../../powerpc64-ps3-elf/lib/libc.a(lib_a-mlock.o)
                              /opt/ps3dev/ppu/lib/gcc/powerpc64-ps3-elf/4.7.0/../../../../powerpc64-ps3-elf/lib/libc.a(lib_a-malignr.o) (__malloc_lock)
/opt/ps3dev/ppu/lib/gcc/powerpc64-ps3-elf/4.7.0/../../../../powerpc64-ps3-elf/lib/libc.a(lib_a-rand.o)
                              main.o (rand)
[...]
Memory Configuration

Name             Origin             Length             Attributes
*default*        0x0000000000000000 0xffffffffffffffff

Linker script and memory map

                0x0000000000010000                PROVIDE (__executable_start, 0x10000)
                0x0000000000010200                . = (0x10000 + SIZEOF_HEADERS)

.interp
 *(.interp)

.hash
 *(.hash)

.dynsym
 *(.dynsym)

.dynstr
 *(.dynstr)

.gnu.version
 *(.gnu.version)

.gnu.version_d
 *(.gnu.version_d)

.gnu.version_r
 *(.gnu.version_r)

.rel.dyn
 *(.rel.init)
 *(.rel.text .rel.text.* .rel.gnu.linkonce.t.*)
 *(.rel.fini)
 *(.rel.rodata .rel.rodata.* .rel.gnu.linkonce.r.*)
 *(.rel.data.rel.ro*)
 *(.rel.data .rel.data.* .rel.gnu.linkonce.d.*)
 *(.rel.tdata .rel.tdata.* .rel.gnu.linkonce.td.*)
 *(.rel.tbss .rel.tbss.* .rel.gnu.linkonce.tb.*)
 *(.rel.ctors)
 *(.rel.dtors)
 *(.rel.got)
 *(.rel.sdata .rel.sdata.* .rel.gnu.linkonce.s.*)
 *(.rel.sbss .rel.sbss.* .rel.gnu.linkonce.sb.*)
 *(.rel.sdata2 .rel.sdata2.* .rel.gnu.linkonce.s2.*)
 *(.rel.sbss2 .rel.sbss2.* .rel.gnu.linkonce.sb2.*)
 *(.rel.bss .rel.bss.* .rel.gnu.linkonce.b.*)

.rela.dyn       0x0000000000010200        0x0
 *(.rela.init)
 *(.rela.text .rela.text.* .rela.gnu.linkonce.t.*)
 *(.rela.fini)
 *(.rela.rodata .rela.rodata.* .rela.gnu.linkonce.r.*)
 *(.rela.data .rela.data.* .rela.gnu.linkonce.d.*)
 *(.rela.tdata .rela.tdata.* .rela.gnu.linkonce.td.*)
 *(.rela.tbss .rela.tbss.* .rela.gnu.linkonce.tb.*)
 *(.rela.ctors)
 *(.rela.dtors)
 *(.rela.got)
 *(.rela.toc)
 .rela.toc      0x0000000000000000        0x0 linker stubs
 *(.rela.sdata .rela.sdata.* .rela.gnu.linkonce.s.*)
 *(.rela.sbss .rela.sbss.* .rela.gnu.linkonce.sb.*)
 *(.rela.sdata2 .rela.sdata2.* .rela.gnu.linkonce.s2.*)
 *(.rela.sbss2 .rela.sbss2.* .rela.gnu.linkonce.sb2.*)
 *(.rela.bss .rela.bss.* .rela.gnu.linkonce.b.*)
 .rela.iplt     0x0000000000000000        0x0 linker stubs
 .rela.sys_proc_prx_param
                0x0000000000000000        0x0 linker stubs
 .rela.opd      0x0000000000000000        0x0 linker stubs

.rel.plt
 *(.rel.plt)

.rela.plt
 *(.rela.plt)

.rela.tocbss
 *(.rela.tocbss)

.init           0x0000000000010200       0x2c
 *(.init)
 .init          0x0000000000010200        0xc /opt/ps3dev/ppu/lib/gcc/powerpc64-ps3-elf/4.7.0/../../../../powerpc64-ps3-elf/lib/lv2-crti.o
                0x0000000000010200                ._init
 .init          0x000000000001020c        0x8 /opt/ps3dev/ppu/lib/gcc/powerpc64-ps3-elf/4.7.0/crtbegin.o
 .init          0x0000000000010214        0x8 /opt/ps3dev/ppu/lib/gcc/powerpc64-ps3-elf/4.7.0/crtend.o
 .init          0x000000000001021c       0x10 /opt/ps3dev/ppu/lib/gcc/powerpc64-ps3-elf/4.7.0/../../../../powerpc64-ps3-elf/lib/lv2-crtn.o

.text           0x0000000000010230    0x24c94
 *(.text .stub .text.* .gnu.linkonce.t.*)
 .text          0x0000000000010230        0x0 /opt/ps3dev/ppu/lib/gcc/powerpc64-ps3-elf/4.7.0/../../../../powerpc64-ps3-elf/lib/lv2-crti.o
 .text          0x0000000000010230        0x0 /opt/ps3dev/ppu/lib/gcc/powerpc64-ps3-elf/4.7.0/crtbegin.o
 .text.deregister_tm_clones
                0x0000000000010230       0x5c /opt/ps3dev/ppu/lib/gcc/powerpc64-ps3-elf/4.7.0/crtbegin.o
 *fill*         0x000000000001028c        0x4 60000000
 .text.register_tm_clones
                0x0000000000010290       0x60 /opt/ps3dev/ppu/lib/gcc/powerpc64-ps3-elf/4.7.0/crtbegin.o
 .text.__do_global_dtors_aux
                0x00000000000102f0       0xcc /opt/ps3dev/ppu/lib/gcc/powerpc64-ps3-elf/4.7.0/crtbegin.o
 *fill*         0x00000000000103bc        0x4 60000000
 .text.frame_dummy
                0x00000000000103c0       0x70 /opt/ps3dev/ppu/lib/gcc/powerpc64-ps3-elf/4.7.0/crtbegin.o
 .text          0x0000000000010430       0x58 /opt/ps3dev/ppu/lib/gcc/powerpc64-ps3-elf/4.7.0/../../../../powerpc64-ps3-elf/lib/lv2-crt0.o
                0x0000000000010430                ._start
 .text.startup.__syscalls_init
                0x0000000000010488      0x12c /opt/ps3dev/ppu/lib/gcc/powerpc64-ps3-elf/4.7.0/../../../../powerpc64-ps3-elf/lib/lv2-crt0.o
 *fill*         0x00000000000105b4        0x4 60000000
 .text._initialize
                0x00000000000105b8       0x40 /opt/ps3dev/ppu/lib/gcc/powerpc64-ps3-elf/4.7.0/../../../../powerpc64-ps3-elf/lib/lv2-crt0.o
                0x00000000000105b8                ._initialize
 .text          0x00000000000105f8        0x0 /opt/ps3dev/ppu/lib/gcc/powerpc64-ps3-elf/4.7.0/../../../../powerpc64-ps3-elf/lib/lv2-sprx.o
 .text          0x00000000000105f8        0x0 alphaimg.png.o
 .text          0x00000000000105f8        0x0 pngsample.png.o
 .text          0x00000000000105f8        0x0 main.o
 .text.startup.main
                0x00000000000105f8      0x27c main.o
                0x00000000000105f8                .main
 .text          0x0000000000010874        0x0 /opt/ps3dev/portlibs/ppu/lib/libya2d.a(ya2d.o)
 *fill*         0x0000000000010874        0x4 60000000
 .text.ya2d_init
                0x0000000000010878      0x124 /opt/ps3dev/portlibs/ppu/lib/libya2d.a(ya2d.o)
                0x0000000000010878                .ya2d_init
 *fill*         0x000000000001099c        0x4 60000000
 .text.ya2d_deinit
                0x00000000000109a0       0x6c /opt/ps3dev/portlibs/ppu/lib/libya2d.a(ya2d.o)
                0x00000000000109a0                .ya2d_deinit
 *fill*         0x0000000000010a0c        0x4 60000000
 .text.ya2d_readControls
                0x0000000000010a10       0x10 /opt/ps3dev/portlibs/ppu/lib/libya2d.a(ya2d.o)
                0x0000000000010a10                .ya2d_readControls
 .text.ya2d_error
                0x0000000000010a20       0x6c /opt/ps3dev/portlibs/ppu/lib/libya2d.a(ya2d.o)
                0x0000000000010a20                .ya2d_error
 .text          0x0000000000010a8c        0x0 /opt/ps3dev/portlibs/ppu/lib/libya2d.a(ya2d_controls.o)
 *fill*         0x0000000000010a8c        0x4 60000000
 .text.ya2d_controlsRead
                0x0000000000010a90       0xa4 /opt/ps3dev/portlibs/ppu/lib/libya2d.a(ya2d_controls.o)
                0x0000000000010a90                .ya2d_controlsRead
 .text          0x0000000000010b34        0x0 /opt/ps3dev/portlibs/ppu/lib/libya2d.a(ya2d_draw.o)
 *fill*         0x0000000000010b34        0x4 60000000
 .text.ya2d_drawRect
                0x0000000000010b38      0x1dc /opt/ps3dev/portlibs/ppu/lib/libya2d.a(ya2d_draw.o)
                0x0000000000010b38                .ya2d_drawRect
 *fill*         0x0000000000010d14        0x4 60000000
 .text.ya2d_drawFillRect
                0x0000000000010d18      0x1dc /opt/ps3dev/portlibs/ppu/lib/libya2d.a(ya2d_draw.o)
                0x0000000000010d18                .ya2d_drawFillRect
 .text          0x0000000000010ef4        0x0 /opt/ps3dev/portlibs/ppu/lib/libya2d.a(ya2d_screen.o)
 *fill*         0x0000000000010ef4        0x4 60000000
 .text.ya2d_screenClear
                0x0000000000010ef8       0x74 /opt/ps3dev/portlibs/ppu/lib/libya2d.a(ya2d_screen.o)
                0x0000000000010ef8                .ya2d_screenClear
 *fill*         0x0000000000010f6c        0x4 60000000
 .text.ya2d_screenSetClearColor
                0x0000000000010f70       0x18 /opt/ps3dev/portlibs/ppu/lib/libya2d.a(ya2d_screen.o)
                0x0000000000010f70                .ya2d_screenSetClearColor
 .text.ya2d_screenBeginDrawing
                0x0000000000010f88       0x30 /opt/ps3dev/portlibs/ppu/lib/libya2d.a(ya2d_screen.o)
                0x0000000000010f88                .ya2d_screenBeginDrawing
 .text.ya2d_screenFlip
                0x0000000000010fb8      0x1b4 /opt/ps3dev/portlibs/ppu/lib/libya2d.a(ya2d_screen.o)
                0x0000000000010fb8                .ya2d_screenFlip
 *fill*         0x000000000001116c        0x4 60000000
 .text.ya2d_screenFPS
                0x0000000000011170       0x18 /opt/ps3dev/portlibs/ppu/lib/libya2d.a(ya2d_screen.o)
                0x0000000000011170                .ya2d_screenFPS
 .text          0x0000000000011188        0x0 /opt/ps3dev/portlibs/ppu/lib/libya2d.a(ya2d_texture.o)
 .text.ya2d_createTexture
                0x0000000000011188      0x118 /opt/ps3dev/portlibs/ppu/lib/libya2d.a(ya2d_texture.o)
                0x0000000000011188                .ya2d_createTexture
 .text.ya2d_swizzleTexture
                0x00000000000112a0       0xc8 /opt/ps3dev/portlibs/ppu/lib/libya2d.a(ya2d_texture.o)
                0x00000000000112a0                .ya2d_swizzleTexture
 .text.ya2d_setTexture
                0x0000000000011368       0x50 /opt/ps3dev/portlibs/ppu/lib/libya2d.a(ya2d_texture.o)
                0x0000000000011368                .ya2d_setTexture
 .text.ya2d_freeTexture
                0x00000000000113b8       0x64 /opt/ps3dev/portlibs/ppu/lib/libya2d.a(ya2d_texture.o)
                0x00000000000113b8                .ya2d_freeTexture
 *fill*         0x000000000001141c        0x4 60000000
 .text.ya2d_drawTexture
                0x0000000000011420      0x334 /opt/ps3dev/portlibs/ppu/lib/libya2d.a(ya2d_texture.o)
                0x0000000000011420                .ya2d_drawTexture
 *fill*         0x0000000000011754        0x4 60000000
 .text.ya2d_drawRotateTexture
                0x0000000000011758      0x6ac /opt/ps3dev/portlibs/ppu/lib/libya2d.a(ya2d_texture.o)
                0x0000000000011758                .ya2d_drawRotateTexture
 *fill*         0x0000000000011e04        0x4 60000000
 .text.ya2d_drawBlendTexture
                0x0000000000011e08      0x344 /opt/ps3dev/portlibs/ppu/lib/libya2d.a(ya2d_texture.o)
                0x0000000000011e08                .ya2d_drawBlendTexture
 *fill*         0x000000000001214c        0x4 60000000
 .text.ya2d_loadPNGfromFile
                0x0000000000012150       0x94 /opt/ps3dev/portlibs/ppu/lib/libya2d.a(ya2d_texture.o)
                0x0000000000012150                .ya2d_loadPNGfromFile
 *fill*         0x00000000000121e4        0x4 60000000
 .text.ya2d_loadPNGfromBuffer
                0x00000000000121e8       0x94 /opt/ps3dev/portlibs/ppu/lib/libya2d.a(ya2d_texture.o)
                0x00000000000121e8                .ya2d_loadPNGfromBuffer
 *fill*         0x000000000001227c        0x4 60000000
 .text.ya2d_loadJPGfromFile
                0x0000000000012280       0x94 /opt/ps3dev/portlibs/ppu/lib/libya2d.a(ya2d_texture.o)
                0x0000000000012280                .ya2d_loadJPGfromFile
 *fill*         0x0000000000012314        0x4 60000000
 .text.ya2d_loadJPGfromBuffer
                0x0000000000012318       0x94 /opt/ps3dev/portlibs/ppu/lib/libya2d.a(ya2d_texture.o)
                0x0000000000012318                .ya2d_loadJPGfromBuffer
 .text          0x00000000000123ac        0x0 /opt/ps3dev/portlibs/ppu/lib/libya2d.a(ya2d_utils.o)
 *fill*         0x00000000000123ac        0x4 60000000
 .text.swizzle_fast
                0x00000000000123b0       0xf0 /opt/ps3dev/portlibs/ppu/lib/libya2d.a(ya2d_utils.o)
                0x00000000000123b0                .swizzle_fast
 .text.next_pow2
                0x00000000000124a0       0x44 /opt/ps3dev/portlibs/ppu/lib/libya2d.a(ya2d_utils.o)
                0x00000000000124a0                .next_pow2
 .text          0x00000000000124e4        0x0 /opt/ps3dev/portlibs/ppu/lib/libya2d.a(msxfont.o)
 .text          0x00000000000124e4        0x0 /opt/ps3dev/portlibs/ppu/lib/libya2d.a(valloc.o)
 *fill*         0x00000000000124e4        0x4 60000000
 .text.init_valloc
                0x00000000000124e8       0x20 /opt/ps3dev/portlibs/ppu/lib/libya2d.a(valloc.o)
                0x00000000000124e8                .init_valloc
 .text.vgetMemorySize
                0x0000000000012508       0x64 /opt/ps3dev/portlibs/ppu/lib/libya2d.a(valloc.o)
                0x0000000000012508                .vgetMemorySize
 *fill*         0x000000000001256c        0x4 60000000
 .text.vGuPointer
                0x0000000000012570       0x1c /opt/ps3dev/portlibs/ppu/lib/libya2d.a(valloc.o)
                0x0000000000012570                .vGuPointer
 *fill*         0x000000000001258c        0x4 60000000
 .text.vCPUPointer
                0x0000000000012590       0x1c /opt/ps3dev/portlibs/ppu/lib/libya2d.a(valloc.o)
                0x0000000000012590                .vCPUPointer
 *fill*         0x00000000000125ac        0x4 60000000
 .text._vram_mem_fit
                0x00000000000125b0       0xa8 /opt/ps3dev/portlibs/ppu/lib/libya2d.a(valloc.o)
                0x00000000000125b0                ._vram_mem_fit
 .text.valloc   0x0000000000012658      0x18c /opt/ps3dev/portlibs/ppu/lib/libya2d.a(valloc.o)
                0x0000000000012658                .valloc
 *fill*         0x00000000000127e4        0x4 60000000
 .text.vfree    0x00000000000127e8      0x104 /opt/ps3dev/portlibs/ppu/lib/libya2d.a(valloc.o)
                0x00000000000127e8                .vfree
 *fill*         0x00000000000128ec        0x4 60000000
 .text.vmemavail
                0x00000000000128f0       0x78 /opt/ps3dev/portlibs/ppu/lib/libya2d.a(valloc.o)
                0x00000000000128f0                .vmemavail
 .text.vlargestblock
                0x0000000000012968       0x7c /opt/ps3dev/portlibs/ppu/lib/libya2d.a(valloc.o)
                0x0000000000012968                .vlargestblock
 .text          0x00000000000129e4        0x0 /opt/ps3dev/portlibs/ppu/lib/libfont.a(libfont.o)
 *fill*         0x00000000000129e4        0x4 60000000
 .text.i_must_break_line
                0x00000000000129e8      0x12c /opt/ps3dev/portlibs/ppu/lib/libfont.a(libfont.o)
 *fill*         0x0000000000012b14        0x4 60000000
 .text.ResetFont
                0x0000000000012b18       0x7c /opt/ps3dev/portlibs/ppu/lib/libfont.a(libfont.o)
                0x0000000000012b18                .ResetFont
 *fill*         0x0000000000012b94        0x4 60000000
 .text.AddFontFromBitmapArray
                0x0000000000012b98      0x434 /opt/ps3dev/portlibs/ppu/lib/libfont.a(libfont.o)
                0x0000000000012b98                .AddFontFromBitmapArray
 *fill*         0x0000000000012fcc        0x4 60000000
 .text.AddFontFromTTF
                0x0000000000012fd0      0x3c4 /opt/ps3dev/portlibs/ppu/lib/libfont.a(libfont.o)
                0x0000000000012fd0                .AddFontFromTTF
 *fill*         0x0000000000013394        0x4 60000000
 .text.SetCurrentFont
                0x0000000000013398       0x4c /opt/ps3dev/portlibs/ppu/lib/libfont.a(libfont.o)
                0x0000000000013398                .SetCurrentFont
 *fill*         0x00000000000133e4        0x4 60000000
 .text.SetFontSize
                0x00000000000133e8       0x34 /opt/ps3dev/portlibs/ppu/lib/libfont.a(libfont.o)
                0x00000000000133e8                .SetFontSize
 *fill*         0x000000000001341c        0x4 60000000
 .text.SetFontColor
                0x0000000000013420       0x1c /opt/ps3dev/portlibs/ppu/lib/libfont.a(libfont.o)
                0x0000000000013420                .SetFontColor
 *fill*         0x000000000001343c        0x4 60000000
 .text.SetFontTextureMethod
                0x0000000000013440       0x18 /opt/ps3dev/portlibs/ppu/lib/libfont.a(libfont.o)
                0x0000000000013440                .SetFontTextureMethod
 .text.SetDoubleTextureModule
                0x0000000000013458       0x1c /opt/ps3dev/portlibs/ppu/lib/libfont.a(libfont.o)
                0x0000000000013458                .SetDoubleTextureModule
 *fill*         0x0000000000013474        0x4 60000000
 .text.SetFontAutoCenter
                0x0000000000013478       0x20 /opt/ps3dev/portlibs/ppu/lib/libfont.a(libfont.o)
                0x0000000000013478                .SetFontAutoCenter
 .text.SetFontAutoNewLine
                0x0000000000013498       0x20 /opt/ps3dev/portlibs/ppu/lib/libfont.a(libfont.o)
                0x0000000000013498                .SetFontAutoNewLine
 .text.SetFontZ
                0x00000000000134b8       0x18 /opt/ps3dev/portlibs/ppu/lib/libfont.a(libfont.o)
                0x00000000000134b8                .SetFontZ
 .text.GetFontX
                0x00000000000134d0       0x18 /opt/ps3dev/portlibs/ppu/lib/libfont.a(libfont.o)
                0x00000000000134d0                .GetFontX
 .text.GetFontY
                0x00000000000134e8       0x18 /opt/ps3dev/portlibs/ppu/lib/libfont.a(libfont.o)
                0x00000000000134e8                .GetFontY
 .text.SetFontScreenLimits
                0x0000000000013500       0x1c /opt/ps3dev/portlibs/ppu/lib/libfont.a(libfont.o)
                0x0000000000013500                .SetFontScreenLimits
 *fill*         0x000000000001351c        0x4 60000000
 .text.DrawChar
                0x0000000000013520      0xa1c /opt/ps3dev/portlibs/ppu/lib/libfont.a(libfont.o)
                0x0000000000013520                .DrawChar
 *fill*         0x0000000000013f3c        0x4 60000000
 .text.DrawString
                0x0000000000013f40      0x2fc /opt/ps3dev/portlibs/ppu/lib/libfont.a(libfont.o)
                0x0000000000013f40                .DrawString
 *fill*         0x000000000001423c        0x4 60000000
 .text.DrawFormatString
                0x0000000000014240      0x330 /opt/ps3dev/portlibs/ppu/lib/libfont.a(libfont.o)
                0x0000000000014240                .DrawFormatString
 .text          0x0000000000014570        0x0 /opt/ps3dev/portlibs/ppu/lib/libtiny3d.a(matrix.o)
 .text.MatrixProjPerspective
                0x0000000000014570      0x120 /opt/ps3dev/portlibs/ppu/lib/libtiny3d.a(matrix.o)
                0x0000000000014570                .MatrixProjPerspective
 .text.MatrixVectorMultiply
                0x0000000000014690       0xa4 /opt/ps3dev/portlibs/ppu/lib/libtiny3d.a(matrix.o)
                0x0000000000014690                .MatrixVectorMultiply
 *fill*         0x0000000000014734        0x4 60000000
 .text.MatrixVectorMultiply3x3
                0x0000000000014738       0x8c /opt/ps3dev/portlibs/ppu/lib/libtiny3d.a(matrix.o)
                0x0000000000014738                .MatrixVectorMultiply3x3
 *fill*         0x00000000000147c4        0x4 60000000
 .text.MatrixMultiply
                0x00000000000147c8      0x2cc /opt/ps3dev/portlibs/ppu/lib/libtiny3d.a(matrix.o)
                0x00000000000147c8                .MatrixMultiply
 *fill*         0x0000000000014a94        0x4 60000000
 .text.MatrixIdentity
                0x0000000000014a98       0x54 /opt/ps3dev/portlibs/ppu/lib/libtiny3d.a(matrix.o)
                0x0000000000014a98                .MatrixIdentity
 *fill*         0x0000000000014aec        0x4 60000000
 .text.MatrixTranslation
                0x0000000000014af0       0x58 /opt/ps3dev/portlibs/ppu/lib/libtiny3d.a(matrix.o)
                0x0000000000014af0                .MatrixTranslation
 .text.MatrixTranspose
                0x0000000000014b48       0xb8 /opt/ps3dev/portlibs/ppu/lib/libtiny3d.a(matrix.o)
                0x0000000000014b48                .MatrixTranspose
 .text.MatrixScale
                0x0000000000014c00       0x60 /opt/ps3dev/portlibs/ppu/lib/libtiny3d.a(matrix.o)
                0x0000000000014c00                .MatrixScale
 .text.MatrixRotationX
                0x0000000000014c60       0xbc /opt/ps3dev/portlibs/ppu/lib/libtiny3d.a(matrix.o)
                0x0000000000014c60                .MatrixRotationX
 *fill*         0x0000000000014d1c        0x4 60000000
 .text.MatrixRotationY
                0x0000000000014d20       0xbc /opt/ps3dev/portlibs/ppu/lib/libtiny3d.a(matrix.o)
                0x0000000000014d20                .MatrixRotationY
 *fill*         0x0000000000014ddc        0x4 60000000
 .text.MatrixRotationZ
                0x0000000000014de0       0xbc /opt/ps3dev/portlibs/ppu/lib/libtiny3d.a(matrix.o)
                0x0000000000014de0                .MatrixRotationZ
 *fill*         0x0000000000014e9c        0x4 60000000
 .text.MatrixRotationAxis
                0x0000000000014ea0      0x2a8 /opt/ps3dev/portlibs/ppu/lib/libtiny3d.a(matrix.o)
                0x0000000000014ea0                .MatrixRotationAxis
 .text.VectorToUnit
                0x0000000000015148       0xbc /opt/ps3dev/portlibs/ppu/lib/libtiny3d.a(matrix.o)
                0x0000000000015148                .VectorToUnit
 *fill*         0x0000000000015204        0x4 60000000
 .text.VectorNormalPlane
                0x0000000000015208       0xdc /opt/ps3dev/portlibs/ppu/lib/libtiny3d.a(matrix.o)
                0x0000000000015208                .VectorNormalPlane
 *fill*         0x00000000000152e4        0x4 60000000
 .text.MakeLookAtMatrix
                0x00000000000152e8      0x2b8 /opt/ps3dev/portlibs/ppu/lib/libtiny3d.a(matrix.o)
                0x00000000000152e8                .MakeLookAtMatrix
 .text          0x00000000000155a0        0x0 /opt/ps3dev/portlibs/ppu/lib/libtiny3d.a(tiny3d.o)
 .text.put_vertex
                0x00000000000155a0      0x22c /opt/ps3dev/portlibs/ppu/lib/libtiny3d.a(tiny3d.o)
 *fill*         0x00000000000157cc        0x4 60000000
 .text.push_list_cmd
                0x00000000000157d0      0x15c /opt/ps3dev/portlibs/ppu/lib/libtiny3d.a(tiny3d.o)
 *fill*         0x000000000001592c        0x4 60000000
 .text.tiny3d_callback
                0x0000000000015930      0x164 /opt/ps3dev/portlibs/ppu/lib/libtiny3d.a(tiny3d.o)
 *fill*         0x0000000000015a94        0x4 60000000
 .text.tiny3d_Exit
                0x0000000000015a98      0x18c /opt/ps3dev/portlibs/ppu/lib/libtiny3d.a(tiny3d.o)
                0x0000000000015a98                .tiny3d_Exit
 *fill*         0x0000000000015c24        0x4 60000000
 .text.Update_With_Normal
                0x0000000000015c28      0x2f8 /opt/ps3dev/portlibs/ppu/lib/libtiny3d.a(tiny3d.o)
 .text.set_shader_context
                0x0000000000015f20      0x390 /opt/ps3dev/portlibs/ppu/lib/libtiny3d.a(tiny3d.o)
 .text.push_position_list
                0x00000000000162b0      0x1e8 /opt/ps3dev/portlibs/ppu/lib/libtiny3d.a(tiny3d.o)
 .text.push_normal_list
                0x0000000000016498      0x1b4 /opt/ps3dev/portlibs/ppu/lib/libtiny3d.a(tiny3d.o)
 *fill*         0x000000000001664c        0x4 60000000
 .text.tiny3d_alarm
                0x0000000000016650       0x10 /opt/ps3dev/portlibs/ppu/lib/libtiny3d.a(tiny3d.o)
                0x0000000000016650                .tiny3d_alarm
 .text.tiny3d_RecordList
                0x0000000000016660       0x9c /opt/ps3dev/portlibs/ppu/lib/libtiny3d.a(tiny3d.o)
                0x0000000000016660                .tiny3d_RecordList
 *fill*         0x00000000000166fc        0x4 60000000
 .text.tiny3d_StopList
                0x0000000000016700      0x158 /opt/ps3dev/portlibs/ppu/lib/libtiny3d.a(tiny3d.o)
                0x0000000000016700                .tiny3d_StopList
 .text.tiny3d_FreeList
                0x0000000000016858       0xcc /opt/ps3dev/portlibs/ppu/lib/libtiny3d.a(tiny3d.o)
                0x0000000000016858                .tiny3d_FreeList
 *fill*         0x0000000000016924        0x4 60000000
 .text.tiny3d_DynamicMatrixList
                0x0000000000016928       0xf0 /opt/ps3dev/portlibs/ppu/lib/libtiny3d.a(tiny3d.o)
                0x0000000000016928                .tiny3d_DynamicMatrixList
 .text.tiny3d_ApplyMatrixList
                0x0000000000016a18       0xb0 /opt/ps3dev/portlibs/ppu/lib/libtiny3d.a(tiny3d.o)
                0x0000000000016a18                .tiny3d_ApplyMatrixList
 .text.tiny3d_Init
                0x0000000000016ac8      0x500 /opt/ps3dev/portlibs/ppu/lib/libtiny3d.a(tiny3d.o)
                0x0000000000016ac8                .tiny3d_Init
 .text.tiny3d_SetPolygon
                0x0000000000016fc8      0x26c /opt/ps3dev/portlibs/ppu/lib/libtiny3d.a(tiny3d.o)
                0x0000000000016fc8                .tiny3d_SetPolygon
 *fill*         0x0000000000017234        0x4 60000000
 .text.tiny3d_VertexPos
                0x0000000000017238       0xcc /opt/ps3dev/portlibs/ppu/lib/libtiny3d.a(tiny3d.o)
                0x0000000000017238                .tiny3d_VertexPos
 *fill*         0x0000000000017304        0x4 60000000
 .text.tiny3d_VertexPos4
                0x0000000000017308       0xd0 /opt/ps3dev/portlibs/ppu/lib/libtiny3d.a(tiny3d.o)
                0x0000000000017308                .tiny3d_VertexPos4
 .text.tiny3d_VertexPosVector
                0x00000000000173d8       0xe0 /opt/ps3dev/portlibs/ppu/lib/libtiny3d.a(tiny3d.o)
                0x00000000000173d8                .tiny3d_VertexPosVector
 .text.tiny3d_VertexColor
                0x00000000000174b8       0xb4 /opt/ps3dev/portlibs/ppu/lib/libtiny3d.a(tiny3d.o)
                0x00000000000174b8                .tiny3d_VertexColor
 *fill*         0x000000000001756c        0x4 60000000
 .text.tiny3d_VertexFcolor
                0x0000000000017570      0x104 /opt/ps3dev/portlibs/ppu/lib/libtiny3d.a(tiny3d.o)
                0x0000000000017570                .tiny3d_VertexFcolor
 *fill*         0x0000000000017674        0x4 60000000
 .text.tiny3d_VertexTexture
                0x0000000000017678       0xbc /opt/ps3dev/portlibs/ppu/lib/libtiny3d.a(tiny3d.o)
                0x0000000000017678                .tiny3d_VertexTexture
 *fill*         0x0000000000017734        0x4 60000000
 .text.tiny3d_VertexTexture2
                0x0000000000017738       0xcc /opt/ps3dev/portlibs/ppu/lib/libtiny3d.a(tiny3d.o)
                0x0000000000017738                .tiny3d_VertexTexture2
 *fill*         0x0000000000017804        0x4 60000000
 .text.tiny3d_Normal
                0x0000000000017808       0x48 /opt/ps3dev/portlibs/ppu/lib/libtiny3d.a(tiny3d.o)
                0x0000000000017808                .tiny3d_Normal
 .text.tiny3d_NormalVector
                0x0000000000017850       0x58 /opt/ps3dev/portlibs/ppu/lib/libtiny3d.a(tiny3d.o)
                0x0000000000017850                .tiny3d_NormalVector
 .text.tiny3d_End
                0x00000000000178a8      0x64c /opt/ps3dev/portlibs/ppu/lib/libtiny3d.a(tiny3d.o)
                0x00000000000178a8                .tiny3d_End
 *fill*         0x0000000000017ef4        0x4 60000000
 .text.tiny3d_SetMatrixModelView
                0x0000000000017ef8      0x274 /opt/ps3dev/portlibs/ppu/lib/libtiny3d.a(tiny3d.o)
                0x0000000000017ef8                .tiny3d_SetMatrixModelView
 *fill*         0x000000000001816c        0x4 60000000
 .text.tiny3d_SetProjectionMatrix
                0x0000000000018170       0xd8 /opt/ps3dev/portlibs/ppu/lib/libtiny3d.a(tiny3d.o)
                0x0000000000018170                .tiny3d_SetProjectionMatrix
 .text.tiny3d_Flip
                0x0000000000018248       0xf8 /opt/ps3dev/portlibs/ppu/lib/libtiny3d.a(tiny3d.o)
                0x0000000000018248                .tiny3d_Flip
 .text.tiny3d_UserViewport
                0x0000000000018340       0x64 /opt/ps3dev/portlibs/ppu/lib/libtiny3d.a(tiny3d.o)
                0x0000000000018340                .tiny3d_UserViewport
 *fill*         0x00000000000183a4        0x4 60000000
 .text.tiny3d_UserViewport2
                0x00000000000183a8       0x58 /opt/ps3dev/portlibs/ppu/lib/libtiny3d.a(tiny3d.o)
                0x00000000000183a8                .tiny3d_UserViewport2
 .text.tiny3d_UserViewportSurface
                0x0000000000018400       0x28 /opt/ps3dev/portlibs/ppu/lib/libtiny3d.a(tiny3d.o)
                0x0000000000018400                .tiny3d_UserViewportSurface
 .text.tiny3d_Project2D
                0x0000000000018428      0x328 /opt/ps3dev/portlibs/ppu/lib/libtiny3d.a(tiny3d.o)
                0x0000000000018428                .tiny3d_Project2D
 .text.tiny3d_Project3D
                0x0000000000018750      0x248 /opt/ps3dev/portlibs/ppu/lib/libtiny3d.a(tiny3d.o)
                0x0000000000018750                .tiny3d_Project3D
 .text.tiny3d_Clear
                0x0000000000018998      0x330 /opt/ps3dev/portlibs/ppu/lib/libtiny3d.a(tiny3d.o)
                0x0000000000018998                .tiny3d_Clear
 .text.tiny3d_ClearSurface
                0x0000000000018cc8      0x204 /opt/ps3dev/portlibs/ppu/lib/libtiny3d.a(tiny3d.o)
                0x0000000000018cc8                .tiny3d_ClearSurface
 *fill*         0x0000000000018ecc        0x4 60000000
 .text.tiny3d_AlphaTest
                0x0000000000018ed0       0x88 /opt/ps3dev/portlibs/ppu/lib/libtiny3d.a(tiny3d.o)
                0x0000000000018ed0                .tiny3d_AlphaTest
 .text.tiny3d_BlendFunc
                0x0000000000018f58       0x84 /opt/ps3dev/portlibs/ppu/lib/libtiny3d.a(tiny3d.o)
                0x0000000000018f58                .tiny3d_BlendFunc
 *fill*         0x0000000000018fdc        0x4 60000000
 .text.tiny3d_SetTextureWrap
                0x0000000000018fe0      0x27c /opt/ps3dev/portlibs/ppu/lib/libtiny3d.a(tiny3d.o)
                0x0000000000018fe0                .tiny3d_SetTextureWrap
 *fill*         0x000000000001925c        0x4 60000000
 .text.tiny3d_SetTexture
                0x0000000000019260      0x1a0 /opt/ps3dev/portlibs/ppu/lib/libtiny3d.a(tiny3d.o)
                0x0000000000019260                .tiny3d_SetTexture
 .text.tiny3d_AllocTexture
                0x0000000000019400       0x38 /opt/ps3dev/portlibs/ppu/lib/libtiny3d.a(tiny3d.o)
                0x0000000000019400                .tiny3d_AllocTexture
 .text.tiny3d_TextureOffset
                0x0000000000019438       0x40 /opt/ps3dev/portlibs/ppu/lib/libtiny3d.a(tiny3d.o)
                0x0000000000019438                .tiny3d_TextureOffset
 .text.tiny3d_EmissiveMaterial
                0x0000000000019478       0xf4 /opt/ps3dev/portlibs/ppu/lib/libtiny3d.a(tiny3d.o)
                0x0000000000019478                .tiny3d_EmissiveMaterial
 *fill*         0x000000000001956c        0x4 60000000
 .text.tiny3d_AmbientMaterial
                0x0000000000019570       0xf4 /opt/ps3dev/portlibs/ppu/lib/libtiny3d.a(tiny3d.o)
                0x0000000000019570                .tiny3d_AmbientMaterial
 *fill*         0x0000000000019664        0x4 60000000
 .text.tiny3d_DiffuseMaterial
                0x0000000000019668       0xf4 /opt/ps3dev/portlibs/ppu/lib/libtiny3d.a(tiny3d.o)
                0x0000000000019668                .tiny3d_DiffuseMaterial
 *fill*         0x000000000001975c        0x4 60000000
 .text.tiny3d_SpecularMaterial
                0x0000000000019760       0xf4 /opt/ps3dev/portlibs/ppu/lib/libtiny3d.a(tiny3d.o)
                0x0000000000019760                .tiny3d_SpecularMaterial
 *fill*         0x0000000000019854        0x4 60000000
 .text.tiny3d_SetLightCameraPosition
                0x0000000000019858       0x38 /opt/ps3dev/portlibs/ppu/lib/libtiny3d.a(tiny3d.o)
                0x0000000000019858                .tiny3d_SetLightCameraPosition
 .text.tiny3d_SetLight
                0x0000000000019890       0x90 /opt/ps3dev/portlibs/ppu/lib/libtiny3d.a(tiny3d.o)
                0x0000000000019890                .tiny3d_SetLight
 .text.tiny3d_SetLightsOff
                0x0000000000019920       0x38 /opt/ps3dev/portlibs/ppu/lib/libtiny3d.a(tiny3d.o)
                0x0000000000019920                .tiny3d_SetLightsOff
 .text.tiny3d_SetAmbientLight
                0x0000000000019958       0x38 /opt/ps3dev/portlibs/ppu/lib/libtiny3d.a(tiny3d.o)
                0x0000000000019958                .tiny3d_SetAmbientLight
 .text.tiny3d_SelMultiTexturesMethod
                0x0000000000019990       0xac /opt/ps3dev/portlibs/ppu/lib/libtiny3d.a(tiny3d.o)
                0x0000000000019990                .tiny3d_SelMultiTexturesMethod
 *fill*         0x0000000000019a3c        0x4 60000000
 .text.tiny3d_DrawList
                0x0000000000019a40      0x654 /opt/ps3dev/portlibs/ppu/lib/libtiny3d.a(tiny3d.o)
                0x0000000000019a40                .tiny3d_DrawList
 *fill*         0x000000000001a094        0x4 60000000
 .text.tiny3d_MenuActive
                0x000000000001a098       0x1c /opt/ps3dev/portlibs/ppu/lib/libtiny3d.a(tiny3d.o)
                0x000000000001a098                .tiny3d_MenuActive
 *fill*         0x000000000001a0b4        0x4 60000000
 .text.tiny3d_Enable_YUV
                0x000000000001a0b8       0x2c /opt/ps3dev/portlibs/ppu/lib/libtiny3d.a(tiny3d.o)
                0x000000000001a0b8                .tiny3d_Enable_YUV
 *fill*         0x000000000001a0e4        0x4 60000000
 .text.tiny3d_Disable_YUV
                0x000000000001a0e8       0x28 /opt/ps3dev/portlibs/ppu/lib/libtiny3d.a(tiny3d.o)
                0x000000000001a0e8                .tiny3d_Disable_YUV
 .text.tiny3d_Dirty_Status
                0x000000000001a110       0x78 /opt/ps3dev/portlibs/ppu/lib/libtiny3d.a(tiny3d.o)
                0x000000000001a110                .tiny3d_Dirty_Status
 .text.tiny3d_Get_GCM_Context
                0x000000000001a188       0x18 /opt/ps3dev/portlibs/ppu/lib/libtiny3d.a(tiny3d.o)
                0x000000000001a188                .tiny3d_Get_GCM_Context
 .text.tiny3d_DoCmd_Space
                0x000000000001a1a0       0x68 /opt/ps3dev/portlibs/ppu/lib/libtiny3d.a(tiny3d.o)
                0x000000000001a1a0                .tiny3d_DoCmd_Space
 .text          0x000000000001a208        0x0 /opt/ps3dev/portlibs/ppu/lib/libtiny3d.a(vshader_text_normal.vcg.o)
 .text          0x000000000001a208        0x0 /opt/ps3dev/portlibs/ppu/lib/libtiny3d.a(commands.o)
 .text.rsxtiny_MakeCmdSpace
                0x000000000001a208       0xec /opt/ps3dev/portlibs/ppu/lib/libtiny3d.a(commands.o)
                0x000000000001a208                .rsxtiny_MakeCmdSpace
 *fill*         0x000000000001a2f4        0x4 60000000
 .text.rsxtiny_SetReferenceCommand
                0x000000000001a2f8      0x10c /opt/ps3dev/portlibs/ppu/lib/libtiny3d.a(commands.o)
                0x000000000001a2f8                .rsxtiny_SetReferenceCommand
 *fill*         0x000000000001a404        0x4 60000000
 .text.rsxtiny_SetWriteBackendLabel
                0x000000000001a408      0x14c /opt/ps3dev/portlibs/ppu/lib/libtiny3d.a(commands.o)
                0x000000000001a408                .rsxtiny_SetWriteBackendLabel
 *fill*         0x000000000001a554        0x4 60000000
 .text.rsxtiny_SetWaitLabel
                0x000000000001a558      0x12c /opt/ps3dev/portlibs/ppu/lib/libtiny3d.a(commands.o)
                0x000000000001a558                .rsxtiny_SetWaitLabel
 *fill*         0x000000000001a684        0x4 60000000
 .text.rsxtiny_SetScissor
                0x000000000001a688      0x14c /opt/ps3dev/portlibs/ppu/lib/libtiny3d.a(commands.o)
                0x000000000001a688                .rsxtiny_SetScissor
 *fill*         0x000000000001a7d4        0x4 60000000
 .text.rsxtiny_SetClearColor
                0x000000000001a7d8      0x10c /opt/ps3dev/portlibs/ppu/lib/libtiny3d.a(commands.o)
                0x000000000001a7d8                .rsxtiny_SetClearColor
 *fill*         0x000000000001a8e4        0x4 60000000
 .text.rsxtiny_SetClearDepthValue
                0x000000000001a8e8      0x10c /opt/ps3dev/portlibs/ppu/lib/libtiny3d.a(commands.o)
                0x000000000001a8e8                .rsxtiny_SetClearDepthValue
 *fill*         0x000000000001a9f4        0x4 60000000
 .text.rsxtiny_Nop
                0x000000000001a9f8       0xfc /opt/ps3dev/portlibs/ppu/lib/libtiny3d.a(commands.o)
                0x000000000001a9f8                .rsxtiny_Nop
 *fill*         0x000000000001aaf4        0x4 60000000
 .text.rsxtiny_ClearBuffers
                0x000000000001aaf8      0x124 /opt/ps3dev/portlibs/ppu/lib/libtiny3d.a(commands.o)
                0x000000000001aaf8                .rsxtiny_ClearBuffers
 *fill*         0x000000000001ac1c        0x4 60000000
 .text.rsxtiny_SetRenderSurface
                0x000000000001ac20      0x16c /opt/ps3dev/portlibs/ppu/lib/libtiny3d.a(commands.o)
                0x000000000001ac20                .rsxtiny_SetRenderSurface
 *fill*         0x000000000001ad8c        0x4 60000000
 .text.rsxtiny_SelectRenderTarget
                0x000000000001ad90      0x1e4 /opt/ps3dev/portlibs/ppu/lib/libtiny3d.a(commands.o)
                0x000000000001ad90                .rsxtiny_SelectRenderTarget
 *fill*         0x000000000001af74        0x4 60000000
 .text.rsxtiny_Viewport
                0x000000000001af78      0x124 /opt/ps3dev/portlibs/ppu/lib/libtiny3d.a(commands.o)
                0x000000000001af78                .rsxtiny_Viewport
 *fill*         0x000000000001b09c        0x4 60000000
 .text.rsxtiny_ViewportClip
                0x000000000001b0a0      0x144 /opt/ps3dev/portlibs/ppu/lib/libtiny3d.a(commands.o)
                0x000000000001b0a0                .rsxtiny_ViewportClip
 *fill*         0x000000000001b1e4        0x4 60000000
 .text.rsxtiny_VertexBegin
                0x000000000001b1e8      0x10c /opt/ps3dev/portlibs/ppu/lib/libtiny3d.a(commands.o)
                0x000000000001b1e8                .rsxtiny_VertexBegin
 *fill*         0x000000000001b2f4        0x4 60000000
 .text.rsxtiny_VertexEnd
                0x000000000001b2f8       0xfc /opt/ps3dev/portlibs/ppu/lib/libtiny3d.a(commands.o)
                0x000000000001b2f8                .rsxtiny_VertexEnd
 *fill*         0x000000000001b3f4        0x4 60000000
 .text.rsxtiny_Vertex4f
                0x000000000001b3f8      0x124 /opt/ps3dev/portlibs/ppu/lib/libtiny3d.a(commands.o)
                0x000000000001b3f8                .rsxtiny_Vertex4f
 *fill*         0x000000000001b51c        0x4 60000000
 .text.rsxtiny_TexCoord2f
                0x000000000001b520      0x10c /opt/ps3dev/portlibs/ppu/lib/libtiny3d.a(commands.o)
                0x000000000001b520                .rsxtiny_TexCoord2f
 *fill*         0x000000000001b62c        0x4 60000000
 .text.rsxtiny_SetVertexProgramConstant4f
                0x000000000001b630      0x13c /opt/ps3dev/portlibs/ppu/lib/libtiny3d.a(commands.o)
                0x000000000001b630                .rsxtiny_SetVertexProgramConstant4f
 *fill*         0x000000000001b76c        0x4 60000000
 .text.rsxtiny_LoadVertexProgram
                0x000000000001b770      0x2b8 /opt/ps3dev/portlibs/ppu/lib/libtiny3d.a(commands.o)
                0x000000000001b770                .rsxtiny_LoadVertexProgram
 .text.rsxtiny_SetVertexProgramConstant4fBlock
                0x000000000001ba28      0x160 /opt/ps3dev/portlibs/ppu/lib/libtiny3d.a(commands.o)
                0x000000000001ba28                .rsxtiny_SetVertexProgramConstant4fBlock
 .text.rsxtiny_InstallFragmentProgram
                0x000000000001bb88       0x70 /opt/ps3dev/portlibs/ppu/lib/libtiny3d.a(commands.o)
                0x000000000001bb88                .rsxtiny_InstallFragmentProgram
 .text.rsxtiny_LoadFragmentProgram
                0x000000000001bbf8      0x134 /opt/ps3dev/portlibs/ppu/lib/libtiny3d.a(commands.o)
                0x000000000001bbf8                .rsxtiny_LoadFragmentProgram
 *fill*         0x000000000001bd2c        0x4 60000000
 .text.rsxtiny_InvalidateTextureCache
                0x000000000001bd30      0x10c /opt/ps3dev/portlibs/ppu/lib/libtiny3d.a(commands.o)
                0x000000000001bd30                .rsxtiny_InvalidateTextureCache
 *fill*         0x000000000001be3c        0x4 60000000
 .text.rsxtiny_SetTexture
                0x000000000001be40      0x18c /opt/ps3dev/portlibs/ppu/lib/libtiny3d.a(commands.o)
                0x000000000001be40                .rsxtiny_SetTexture
 *fill*         0x000000000001bfcc        0x4 60000000
 .text.rsxtiny_ViewportTranslate
                0x000000000001bfd0      0x124 /opt/ps3dev/portlibs/ppu/lib/libtiny3d.a(commands.o)
                0x000000000001bfd0                .rsxtiny_ViewportTranslate
 *fill*         0x000000000001c0f4        0x4 60000000
 .text.rsxtiny_ViewportScale
                0x000000000001c0f8      0x124 /opt/ps3dev/portlibs/ppu/lib/libtiny3d.a(commands.o)
                0x000000000001c0f8                .rsxtiny_ViewportScale
 *fill*         0x000000000001c21c        0x4 60000000
 .text.rsxtiny_CullFace
                0x000000000001c220      0x10c /opt/ps3dev/portlibs/ppu/lib/libtiny3d.a(commands.o)
                0x000000000001c220                .rsxtiny_CullFace
 *fill*         0x000000000001c32c        0x4 60000000
 .text.rsxtiny_FrontFace
                0x000000000001c330      0x10c /opt/ps3dev/portlibs/ppu/lib/libtiny3d.a(commands.o)
                0x000000000001c330                .rsxtiny_FrontFace
 *fill*         0x000000000001c43c        0x4 60000000
 .text.rsxtiny_CullEnable
                0x000000000001c440      0x10c /opt/ps3dev/portlibs/ppu/lib/libtiny3d.a(commands.o)
                0x000000000001c440                .rsxtiny_CullEnable
 *fill*         0x000000000001c54c        0x4 60000000
 .text.rsxtiny_AlphaEnable
                0x000000000001c550      0x10c /opt/ps3dev/portlibs/ppu/lib/libtiny3d.a(commands.o)
                0x000000000001c550                .rsxtiny_AlphaEnable
 *fill*         0x000000000001c65c        0x4 60000000
 .text.rsxtiny_AlphaRef
                0x000000000001c660      0x10c /opt/ps3dev/portlibs/ppu/lib/libtiny3d.a(commands.o)
                0x000000000001c660                .rsxtiny_AlphaRef
 *fill*         0x000000000001c76c        0x4 60000000
 .text.rsxtiny_AlphaFunc
                0x000000000001c770      0x10c /opt/ps3dev/portlibs/ppu/lib/libtiny3d.a(commands.o)
                0x000000000001c770                .rsxtiny_AlphaFunc
 *fill*         0x000000000001c87c        0x4 60000000
 .text.rsxtiny_BlendEnable
                0x000000000001c880      0x10c /opt/ps3dev/portlibs/ppu/lib/libtiny3d.a(commands.o)
                0x000000000001c880                .rsxtiny_BlendEnable
 *fill*         0x000000000001c98c        0x4 60000000
 .text.rsxtiny_BlendEquation
                0x000000000001c990      0x10c /opt/ps3dev/portlibs/ppu/lib/libtiny3d.a(commands.o)
                0x000000000001c990                .rsxtiny_BlendEquation
 *fill*         0x000000000001ca9c        0x4 60000000
 .text.rsxtiny_BlendFunc
                0x000000000001caa0      0x11c /opt/ps3dev/portlibs/ppu/lib/libtiny3d.a(commands.o)
                0x000000000001caa0                .rsxtiny_BlendFunc
 *fill*         0x000000000001cbbc        0x4 60000000
 .text.rsxtiny_ZControl
                0x000000000001cbc0      0x13c /opt/ps3dev/portlibs/ppu/lib/libtiny3d.a(commands.o)
                0x000000000001cbc0                .rsxtiny_ZControl
 *fill*         0x000000000001ccfc        0x4 60000000
 .text.rsxtiny_BindVertexBufferAttribute
                0x000000000001cd00      0x18c /opt/ps3dev/portlibs/ppu/lib/libtiny3d.a(commands.o)
                0x000000000001cd00                .rsxtiny_BindVertexBufferAttribute
 *fill*         0x000000000001ce8c        0x4 60000000
 .text.rsxtiny_VertexInvalidate
                0x000000000001ce90      0x104 /opt/ps3dev/portlibs/ppu/lib/libtiny3d.a(commands.o)
                0x000000000001ce90                .rsxtiny_VertexInvalidate
 *fill*         0x000000000001cf94        0x4 60000000
 .text.rsxtiny_DrawVertexBuffer
                0x000000000001cf98      0x2e0 /opt/ps3dev/portlibs/ppu/lib/libtiny3d.a(commands.o)
                0x000000000001cf98                .rsxtiny_DrawVertexBuffer
 .text.rsxtiny_DrawVertexBufferIndex
                0x000000000001d278      0x320 /opt/ps3dev/portlibs/ppu/lib/libtiny3d.a(commands.o)
                0x000000000001d278                .rsxtiny_DrawVertexBufferIndex
 .text.rsxtiny_DepthTestEnable
                0x000000000001d598      0x10c /opt/ps3dev/portlibs/ppu/lib/libtiny3d.a(commands.o)
                0x000000000001d598                .rsxtiny_DepthTestEnable
 *fill*         0x000000000001d6a4        0x4 60000000
 .text.rsxtiny_DepthTestFunc
                0x000000000001d6a8      0x10c /opt/ps3dev/portlibs/ppu/lib/libtiny3d.a(commands.o)
                0x000000000001d6a8                .rsxtiny_DepthTestFunc
 *fill*         0x000000000001d7b4        0x4 60000000
 .text.rsxtiny_DepthWriteEnable
                0x000000000001d7b8      0x10c /opt/ps3dev/portlibs/ppu/lib/libtiny3d.a(commands.o)
                0x000000000001d7b8                .rsxtiny_DepthWriteEnable
 .text          0x000000000001d8c4        0x0 /opt/ps3dev/portlibs/ppu/lib/libtiny3d.a(glue.o)
 *fill*         0x000000000001d8c4        0x4 60000000
 .text.rsxtiny_FlushBuffer
                0x000000000001d8c8       0x78 /opt/ps3dev/portlibs/ppu/lib/libtiny3d.a(glue.o)
                0x000000000001d8c8                .rsxtiny_FlushBuffer
 .text.rsxtiny_Init
                0x000000000001d940       0x68 /opt/ps3dev/portlibs/ppu/lib/libtiny3d.a(glue.o)
                0x000000000001d940                .rsxtiny_Init
 .text.rsxtiny_AddressToOffset
                0x000000000001d9a8       0x30 /opt/ps3dev/portlibs/ppu/lib/libtiny3d.a(glue.o)
                0x000000000001d9a8                .rsxtiny_AddressToOffset
 .text          0x000000000001d9d8        0x0 /opt/ps3dev/portlibs/ppu/lib/libtiny3d.a(mm.o)
 .text.rsxtiny_MemAlign
                0x000000000001d9d8      0x128 /opt/ps3dev/portlibs/ppu/lib/libtiny3d.a(mm.o)
                0x000000000001d9d8                .rsxtiny_MemAlign
 .text.rsxtiny_Mem
                0x000000000001db00       0x18 /opt/ps3dev/portlibs/ppu/lib/libtiny3d.a(mm.o)
                0x000000000001db00                .rsxtiny_Mem
 .text          0x000000000001db18        0x0 /opt/ps3dev/portlibs/ppu/lib/libtiny3d.a(realityVP.o)
 .text.rsxtiny_VertexProgramGetUCode
                0x000000000001db18       0x18 /opt/ps3dev/portlibs/ppu/lib/libtiny3d.a(realityVP.o)
                0x000000000001db18                .rsxtiny_VertexProgramGetUCode
 .text.rsxtiny_VertexProgramGetInputMask
                0x000000000001db30       0x14 /opt/ps3dev/portlibs/ppu/lib/libtiny3d.a(realityVP.o)
                0x000000000001db30                .rsxtiny_VertexProgramGetInputMask
 *fill*         0x000000000001db44        0x4 60000000
 .text.rsxtiny_VertexProgramGetOutputMask
                0x000000000001db48       0x14 /opt/ps3dev/portlibs/ppu/lib/libtiny3d.a(realityVP.o)
                0x000000000001db48                .rsxtiny_VertexProgramGetOutputMask
 *fill*         0x000000000001db5c        0x4 60000000
 .text.rsxtiny_VertexProgramGetAttributes
                0x000000000001db60       0x18 /opt/ps3dev/portlibs/ppu/lib/libtiny3d.a(realityVP.o)
                0x000000000001db60                .rsxtiny_VertexProgramGetAttributes
 .text.rsxtiny_VertexProgramGetInputAttribute
                0x000000000001db78       0xe8 /opt/ps3dev/portlibs/ppu/lib/libtiny3d.a(realityVP.o)
                0x000000000001db78                .rsxtiny_VertexProgramGetInputAttribute
 .text.rsxtiny_VertexProgramGetConstants
                0x000000000001dc60       0x18 /opt/ps3dev/portlibs/ppu/lib/libtiny3d.a(realityVP.o)
                0x000000000001dc60                .rsxtiny_VertexProgramGetConstants
 .text.rsxtiny_VertexProgramGetConstant
                0x000000000001dc78       0xe8 /opt/ps3dev/portlibs/ppu/lib/libtiny3d.a(realityVP.o)
                0x000000000001dc78                .rsxtiny_VertexProgramGetConstant
 .text          0x000000000001dd60        0x0 /opt/ps3dev/portlibs/ppu/lib/libtiny3d.a(rsxutil.o)
 .text.waitFlip
                0x000000000001dd60       0xcc /opt/ps3dev/portlibs/ppu/lib/libtiny3d.a(rsxutil.o)
                0x000000000001dd60                .waitFlip
 *fill*         0x000000000001de2c        0x4 60000000
 .text.flip     0x000000000001de30       0x5c /opt/ps3dev/portlibs/ppu/lib/libtiny3d.a(rsxutil.o)
                0x000000000001de30                .flip
 *fill*         0x000000000001de8c        0x4 60000000
 .text.init_screen
                0x000000000001de90      0x360 /opt/ps3dev/portlibs/ppu/lib/libtiny3d.a(rsxutil.o)
                0x000000000001de90                .init_screen
 .text.setupRenderTarget
                0x000000000001e1f0      0x108 /opt/ps3dev/portlibs/ppu/lib/libtiny3d.a(rsxutil.o)
                0x000000000001e1f0                .setupRenderTarget
 .text.setupRenderTarget2
                0x000000000001e2f8      0x13c /opt/ps3dev/portlibs/ppu/lib/libtiny3d.a(rsxutil.o)
                0x000000000001e2f8                .setupRenderTarget2
 .text          0x000000000001e434        0x0 /opt/ps3dev/portlibs/ppu/lib/libtiny3d.a(buffer.o)
 *fill*         0x000000000001e434        0x4 60000000
 .text.tiny_rsxContextCallback
                0x000000000001e438       0x50 /opt/ps3dev/portlibs/ppu/lib/libtiny3d.a(buffer.o)
                0x000000000001e438                .tiny_rsxContextCallback
 .text.commandBufferPut
                0x000000000001e488       0x20 /opt/ps3dev/portlibs/ppu/lib/libtiny3d.a(buffer.o)
                0x000000000001e488                .commandBufferPut
 .text          0x000000000001e4a8        0x0 /opt/ps3dev/ppu/lib/gcc/powerpc64-ps3-elf/4.7.0/../../../../powerpc64-ps3-elf/lib/libc.a(lib_a-atexit.o)
 .text.atexit   0x000000000001e4a8       0x40 /opt/ps3dev/ppu/lib/gcc/powerpc64-ps3-elf/4.7.0/../../../../powerpc64-ps3-elf/lib/libc.a(lib_a-atexit.o)
                0x000000000001e4a8                .atexit
 .text          0x000000000001e4e8        0x0 /opt/ps3dev/ppu/lib/gcc/powerpc64-ps3-elf/4.7.0/../../../../powerpc64-ps3-elf/lib/libc.a(lib_a-exit.o)
 .text.exit     0x000000000001e4e8       0x68 /opt/ps3dev/ppu/lib/gcc/powerpc64-ps3-elf/4.7.0/../../../../powerpc64-ps3-elf/lib/libc.a(lib_a-exit.o)
                0x000000000001e4e8                .exit
 .text          0x000000000001e550        0x0 /opt/ps3dev/ppu/lib/gcc/powerpc64-ps3-elf/4.7.0/../../../../powerpc64-ps3-elf/lib/libc.a(lib_a-impure.o)
 .text          0x000000000001e550        0x0 /opt/ps3dev/ppu/lib/gcc/powerpc64-ps3-elf/4.7.0/../../../../powerpc64-ps3-elf/lib/libc.a(lib_a-malign.o)
 .text.memalign
                0x000000000001e550       0x58 /opt/ps3dev/ppu/lib/gcc/powerpc64-ps3-elf/4.7.0/../../../../powerpc64-ps3-elf/lib/libc.a(lib_a-malign.o)
                0x000000000001e550                .memalign
 .text          0x000000000001e5a8        0x0 /opt/ps3dev/ppu/lib/gcc/powerpc64-ps3-elf/4.7.0/../../../../powerpc64-ps3-elf/lib/libc.a(lib_a-malignr.o)
 .text._memalign_r
                0x000000000001e5a8      0x214 /opt/ps3dev/ppu/lib/gcc/powerpc64-ps3-elf/4.7.0/../../../../powerpc64-ps3-elf/lib/libc.a(lib_a-malignr.o)
                0x000000000001e5a8                ._memalign_r
 .text          0x000000000001e7bc        0x0 /opt/ps3dev/ppu/lib/gcc/powerpc64-ps3-elf/4.7.0/../../../../powerpc64-ps3-elf/lib/libc.a(lib_a-malloc.o)
 *fill*         0x000000000001e7bc        0x4 60000000
 .text.malloc   0x000000000001e7c0       0x48 /opt/ps3dev/ppu/lib/gcc/powerpc64-ps3-elf/4.7.0/../../../../powerpc64-ps3-elf/lib/libc.a(lib_a-malloc.o)
                0x000000000001e7c0                .malloc
 .text.free     0x000000000001e808       0x48 /opt/ps3dev/ppu/lib/gcc/powerpc64-ps3-elf/4.7.0/../../../../powerpc64-ps3-elf/lib/libc.a(lib_a-malloc.o)
                0x000000000001e808                .free
 .text          0x000000000001e850        0x0 /opt/ps3dev/ppu/lib/gcc/powerpc64-ps3-elf/4.7.0/../../../../powerpc64-ps3-elf/lib/libc.a(lib_a-mallocr.o)
 .text._malloc_r
                0x000000000001e850      0xa10 /opt/ps3dev/ppu/lib/gcc/powerpc64-ps3-elf/4.7.0/../../../../powerpc64-ps3-elf/lib/libc.a(lib_a-mallocr.o)
                0x000000000001e850                ._malloc_r
 .text          0x000000000001f260        0x0 /opt/ps3dev/ppu/lib/gcc/powerpc64-ps3-elf/4.7.0/../../../../powerpc64-ps3-elf/lib/libc.a(lib_a-memcpy.o)
 .text.memcpy   0x000000000001f260      0x108 /opt/ps3dev/ppu/lib/gcc/powerpc64-ps3-elf/4.7.0/../../../../powerpc64-ps3-elf/lib/libc.a(lib_a-memcpy.o)
                0x000000000001f260                .memcpy
 .text          0x000000000001f368        0x0 /opt/ps3dev/ppu/lib/gcc/powerpc64-ps3-elf/4.7.0/../../../../powerpc64-ps3-elf/lib/libc.a(lib_a-memset.o)
 .text.memset   0x000000000001f368      0x148 /opt/ps3dev/ppu/lib/gcc/powerpc64-ps3-elf/4.7.0/../../../../powerpc64-ps3-elf/lib/libc.a(lib_a-memset.o)
                0x000000000001f368                .memset
 .text          0x000000000001f4b0        0x0 /opt/ps3dev/ppu/lib/gcc/powerpc64-ps3-elf/4.7.0/../../../../powerpc64-ps3-elf/lib/libc.a(lib_a-mlock.o)
 .text.__malloc_lock
                0x000000000001f4b0       0x34 /opt/ps3dev/ppu/lib/gcc/powerpc64-ps3-elf/4.7.0/../../../../powerpc64-ps3-elf/lib/libc.a(lib_a-mlock.o)
                0x000000000001f4b0                .__malloc_lock
 *fill*         0x000000000001f4e4        0x4 60000000
 .text.__malloc_unlock
                0x000000000001f4e8       0x34 /opt/ps3dev/ppu/lib/gcc/powerpc64-ps3-elf/4.7.0/../../../../powerpc64-ps3-elf/lib/libc.a(lib_a-mlock.o)
                0x000000000001f4e8                .__malloc_unlock
 .text          0x000000000001f51c        0x0 /opt/ps3dev/ppu/lib/gcc/powerpc64-ps3-elf/4.7.0/../../../../powerpc64-ps3-elf/lib/libc.a(lib_a-rand.o)
 *fill*         0x000000000001f51c        0x4 60000000
 .text.srand    0x000000000001f520       0x40 /opt/ps3dev/ppu/lib/gcc/powerpc64-ps3-elf/4.7.0/../../../../powerpc64-ps3-elf/lib/libc.a(lib_a-rand.o)
                0x000000000001f520                .srand
 .text.rand     0x000000000001f560       0x78 /opt/ps3dev/ppu/lib/gcc/powerpc64-ps3-elf/4.7.0/../../../../powerpc64-ps3-elf/lib/libc.a(lib_a-rand.o)
                0x000000000001f560                .rand
 .text          0x000000000001f5d8        0x0 /opt/ps3dev/ppu/lib/gcc/powerpc64-ps3-elf/4.7.0/../../../../powerpc64-ps3-elf/lib/libc.a(lib_a-strcasecmp.o)
 .text.strcasecmp
                0x000000000001f5d8       0xb8 /opt/ps3dev/ppu/lib/gcc/powerpc64-ps3-elf/4.7.0/../../../../powerpc64-ps3-elf/lib/libc.a(lib_a-strcasecmp.o)
                0x000000000001f5d8                .strcasecmp
 .text          0x000000000001f690        0x0 /opt/ps3dev/ppu/lib/gcc/powerpc64-ps3-elf/4.7.0/../../../../powerpc64-ps3-elf/lib/libc.a(lib_a-vsprintf.o)
 .text._vsprintf_r
                0x000000000001f690       0x6c /opt/ps3dev/ppu/lib/gcc/powerpc64-ps3-elf/4.7.0/../../../../powerpc64-ps3-elf/lib/libc.a(lib_a-vsprintf.o)
                0x000000000001f690                ._vsprintf_r
 *fill*         0x000000000001f6fc        0x4 60000000
 .text.vsprintf
                0x000000000001f700       0x60 /opt/ps3dev/ppu/lib/gcc/powerpc64-ps3-elf/4.7.0/../../../../powerpc64-ps3-elf/lib/libc.a(lib_a-vsprintf.o)
                0x000000000001f700                .vsprintf
 .text          0x000000000001f760        0x0 /opt/ps3dev/ppu/lib/gcc/powerpc64-ps3-elf/4.7.0/../../../../powerpc64-ps3-elf/lib/libc.a(lib_a-__atexit.o)
 .text.__register_exitproc
                0x000000000001f760      0x1b8 /opt/ps3dev/ppu/lib/gcc/powerpc64-ps3-elf/4.7.0/../../../../powerpc64-ps3-elf/lib/libc.a(lib_a-__atexit.o)
                0x000000000001f760                .__register_exitproc
 .text          0x000000000001f918        0x0 /opt/ps3dev/ppu/lib/gcc/powerpc64-ps3-elf/4.7.0/../../../../powerpc64-ps3-elf/lib/libc.a(lib_a-__call_atexit.o)
 .text.__call_exitprocs
                0x000000000001f918      0x24c /opt/ps3dev/ppu/lib/gcc/powerpc64-ps3-elf/4.7.0/../../../../powerpc64-ps3-elf/lib/libc.a(lib_a-__call_atexit.o)
                0x000000000001f918                .__call_exitprocs
 .text          0x000000000001fb64        0x0 /opt/ps3dev/ppu/lib/gcc/powerpc64-ps3-elf/4.7.0/../../../../powerpc64-ps3-elf/lib/libc.a(lib_a-ctype_.o)
 .text          0x000000000001fb64        0x0 /opt/ps3dev/ppu/lib/gcc/powerpc64-ps3-elf/4.7.0/../../../../powerpc64-ps3-elf/lib/libc.a(lib_a-freer.o)
 *fill*         0x000000000001fb64        0x4 60000000
 .text._malloc_trim_r
                0x000000000001fb68      0x15c /opt/ps3dev/ppu/lib/gcc/powerpc64-ps3-elf/4.7.0/../../../../powerpc64-ps3-elf/lib/libc.a(lib_a-freer.o)
                0x000000000001fb68                ._malloc_trim_r
 *fill*         0x000000000001fcc4        0x4 60000000
 .text._free_r  0x000000000001fcc8      0x348 /opt/ps3dev/ppu/lib/gcc/powerpc64-ps3-elf/4.7.0/../../../../powerpc64-ps3-elf/lib/libc.a(lib_a-freer.o)
                0x000000000001fcc8                ._free_r
 .text          0x0000000000020010        0x0 /opt/ps3dev/ppu/lib/gcc/powerpc64-ps3-elf/4.7.0/../../../../powerpc64-ps3-elf/lib/libc.a(lib_a-getreent.o)
 .text.__getreent
                0x0000000000020010      0x1f0 /opt/ps3dev/ppu/lib/gcc/powerpc64-ps3-elf/4.7.0/../../../../powerpc64-ps3-elf/lib/libc.a(lib_a-getreent.o)
                0x0000000000020010                .__getreent
 .text          0x0000000000020200        0x0 /opt/ps3dev/ppu/lib/gcc/powerpc64-ps3-elf/4.7.0/../../../../powerpc64-ps3-elf/lib/libc.a(lib_a-lock_recursive.o)
 .text.__libc_lock_init_recursive
                0x0000000000020200       0x34 /opt/ps3dev/ppu/lib/gcc/powerpc64-ps3-elf/4.7.0/../../../../powerpc64-ps3-elf/lib/libc.a(lib_a-lock_recursive.o)
                0x0000000000020200                .__libc_lock_init_recursive
 *fill*         0x0000000000020234        0x4 60000000
 .text.__libc_lock_close_recursive
                0x0000000000020238       0x30 /opt/ps3dev/ppu/lib/gcc/powerpc64-ps3-elf/4.7.0/../../../../powerpc64-ps3-elf/lib/libc.a(lib_a-lock_recursive.o)
                0x0000000000020238                .__libc_lock_close_recursive
 .text.__libc_lock_acquire_recursive
                0x0000000000020268       0x58 /opt/ps3dev/ppu/lib/gcc/powerpc64-ps3-elf/4.7.0/../../../../powerpc64-ps3-elf/lib/libc.a(lib_a-lock_recursive.o)
                0x0000000000020268                .__libc_lock_acquire_recursive
 .text.__libc_lock_try_acquire_recursive
                0x00000000000202c0       0x54 /opt/ps3dev/ppu/lib/gcc/powerpc64-ps3-elf/4.7.0/../../../../powerpc64-ps3-elf/lib/libc.a(lib_a-lock_recursive.o)
                0x00000000000202c0                .__libc_lock_try_acquire_recursive
 *fill*         0x0000000000020314        0x4 60000000
 .text.__libc_lock_release_recursive
                0x0000000000020318       0x54 /opt/ps3dev/ppu/lib/gcc/powerpc64-ps3-elf/4.7.0/../../../../powerpc64-ps3-elf/lib/libc.a(lib_a-lock_recursive.o)
                0x0000000000020318                .__libc_lock_release_recursive
 .text          0x000000000002036c        0x0 /opt/ps3dev/ppu/lib/gcc/powerpc64-ps3-elf/4.7.0/../../../../powerpc64-ps3-elf/lib/libc.a(lib_a-svfprintf.o)
 *fill*         0x000000000002036c        0x4 60000000
 .text._svfprintf_r
                0x0000000000020370     0x1fd4 /opt/ps3dev/ppu/lib/gcc/powerpc64-ps3-elf/4.7.0/../../../../powerpc64-ps3-elf/lib/libc.a(lib_a-svfprintf.o)
                0x0000000000020370                ._svfprintf_r
 .text          0x0000000000022344        0x0 /opt/ps3dev/ppu/lib/gcc/powerpc64-ps3-elf/4.7.0/../../../../powerpc64-ps3-elf/lib/libc.a(lib_a-dtoa.o)
 *fill*         0x0000000000022344        0x4 60000000
 .text.quorem   0x0000000000022348      0x258 /opt/ps3dev/ppu/lib/gcc/powerpc64-ps3-elf/4.7.0/../../../../powerpc64-ps3-elf/lib/libc.a(lib_a-dtoa.o)
 .text._dtoa_r  0x00000000000225a0     0x1350 /opt/ps3dev/ppu/lib/gcc/powerpc64-ps3-elf/4.7.0/../../../../powerpc64-ps3-elf/lib/libc.a(lib_a-dtoa.o)
                0x00000000000225a0                ._dtoa_r
 .text          0x00000000000238f0        0x0 /opt/ps3dev/ppu/lib/gcc/powerpc64-ps3-elf/4.7.0/../../../../powerpc64-ps3-elf/lib/libc.a(lib_a-locale.o)
 .text._setlocale_r
                0x00000000000238f0       0xb4 /opt/ps3dev/ppu/lib/gcc/powerpc64-ps3-elf/4.7.0/../../../../powerpc64-ps3-elf/lib/libc.a(lib_a-locale.o)
                0x00000000000238f0                ._setlocale_r
 *fill*         0x00000000000239a4        0x4 60000000
 .text.__locale_charset
                0x00000000000239a8       0x14 /opt/ps3dev/ppu/lib/gcc/powerpc64-ps3-elf/4.7.0/../../../../powerpc64-ps3-elf/lib/libc.a(lib_a-locale.o)
                0x00000000000239a8                .__locale_charset
 *fill*         0x00000000000239bc        0x4 60000000
 .text.__locale_mb_cur_max
                0x00000000000239c0       0x1c /opt/ps3dev/ppu/lib/gcc/powerpc64-ps3-elf/4.7.0/../../../../powerpc64-ps3-elf/lib/libc.a(lib_a-locale.o)
                0x00000000000239c0                .__locale_mb_cur_max
 *fill*         0x00000000000239dc        0x4 60000000
 .text.__locale_msgcharset
                0x00000000000239e0       0x14 /opt/ps3dev/ppu/lib/gcc/powerpc64-ps3-elf/4.7.0/../../../../powerpc64-ps3-elf/lib/libc.a(lib_a-locale.o)
                0x00000000000239e0                .__locale_msgcharset
 *fill*         0x00000000000239f4        0x4 60000000
 .text.__locale_cjk_lang
                0x00000000000239f8       0x14 /opt/ps3dev/ppu/lib/gcc/powerpc64-ps3-elf/4.7.0/../../../../powerpc64-ps3-elf/lib/libc.a(lib_a-locale.o)
                0x00000000000239f8                .__locale_cjk_lang
 *fill*         0x0000000000023a0c        0x4 60000000
 .text._localeconv_r
                0x0000000000023a10       0x14 /opt/ps3dev/ppu/lib/gcc/powerpc64-ps3-elf/4.7.0/../../../../powerpc64-ps3-elf/lib/libc.a(lib_a-locale.o)
                0x0000000000023a10                ._localeconv_r
 *fill*         0x0000000000023a24        0x4 60000000
 .text.setlocale
                0x0000000000023a28       0x50 /opt/ps3dev/ppu/lib/gcc/powerpc64-ps3-elf/4.7.0/../../../../powerpc64-ps3-elf/lib/libc.a(lib_a-locale.o)
                0x0000000000023a28                .setlocale
 .text.localeconv
                0x0000000000023a78       0x34 /opt/ps3dev/ppu/lib/gcc/powerpc64-ps3-elf/4.7.0/../../../../powerpc64-ps3-elf/lib/libc.a(lib_a-locale.o)
                0x0000000000023a78                .localeconv
 .text          0x0000000000023aac        0x0 /opt/ps3dev/ppu/lib/gcc/powerpc64-ps3-elf/4.7.0/../../../../powerpc64-ps3-elf/lib/libc.a(lib_a-lock_internal.o)
 *fill*         0x0000000000023aac        0x4 60000000
 .text.startup.init_metalock
                0x0000000000023ab0       0x48 /opt/ps3dev/ppu/lib/gcc/powerpc64-ps3-elf/4.7.0/../../../../powerpc64-ps3-elf/lib/libc.a(lib_a-lock_internal.o)
 .text.__libc_auto_lock_allocate
                0x0000000000023af8       0x9c /opt/ps3dev/ppu/lib/gcc/powerpc64-ps3-elf/4.7.0/../../../../powerpc64-ps3-elf/lib/libc.a(lib_a-lock_internal.o)
                0x0000000000023af8                .__libc_auto_lock_allocate
 .text          0x0000000000023b94        0x0 /opt/ps3dev/ppu/lib/gcc/powerpc64-ps3-elf/4.7.0/../../../../powerpc64-ps3-elf/lib/libc.a(lib_a-memchr.o)
 *fill*         0x0000000000023b94        0x4 60000000
 .text.memchr   0x0000000000023b98      0x130 /opt/ps3dev/ppu/lib/gcc/powerpc64-ps3-elf/4.7.0/../../../../powerpc64-ps3-elf/lib/libc.a(lib_a-memchr.o)
                0x0000000000023b98                .memchr
 .text          0x0000000000023cc8        0x0 /opt/ps3dev/ppu/lib/gcc/powerpc64-ps3-elf/4.7.0/../../../../powerpc64-ps3-elf/lib/libc.a(lib_a-mprec.o)
 .text._Balloc  0x0000000000023cc8       0xd8 /opt/ps3dev/ppu/lib/gcc/powerpc64-ps3-elf/4.7.0/../../../../powerpc64-ps3-elf/lib/libc.a(lib_a-mprec.o)
                0x0000000000023cc8                ._Balloc
 .text._Bfree   0x0000000000023da0       0x34 /opt/ps3dev/ppu/lib/gcc/powerpc64-ps3-elf/4.7.0/../../../../powerpc64-ps3-elf/lib/libc.a(lib_a-mprec.o)
                0x0000000000023da0                ._Bfree
 *fill*         0x0000000000023dd4        0x4 60000000
 .text.__multadd
                0x0000000000023dd8      0x16c /opt/ps3dev/ppu/lib/gcc/powerpc64-ps3-elf/4.7.0/../../../../powerpc64-ps3-elf/lib/libc.a(lib_a-mprec.o)
                0x0000000000023dd8                .__multadd
 *fill*         0x0000000000023f44        0x4 60000000
 .text.__s2b    0x0000000000023f48      0x180 /opt/ps3dev/ppu/lib/gcc/powerpc64-ps3-elf/4.7.0/../../../../powerpc64-ps3-elf/lib/libc.a(lib_a-mprec.o)
                0x0000000000023f48                .__s2b
 .text.__hi0bits
                0x00000000000240c8       0x98 /opt/ps3dev/ppu/lib/gcc/powerpc64-ps3-elf/4.7.0/../../../../powerpc64-ps3-elf/lib/libc.a(lib_a-mprec.o)
                0x00000000000240c8                .__hi0bits
 .text.__lo0bits
                0x0000000000024160       0xec /opt/ps3dev/ppu/lib/gcc/powerpc64-ps3-elf/4.7.0/../../../../powerpc64-ps3-elf/lib/libc.a(lib_a-mprec.o)
                0x0000000000024160                .__lo0bits
 *fill*         0x000000000002424c        0x4 60000000
 .text.__i2b    0x0000000000024250       0x48 /opt/ps3dev/ppu/lib/gcc/powerpc64-ps3-elf/4.7.0/../../../../powerpc64-ps3-elf/lib/libc.a(lib_a-mprec.o)
                0x0000000000024250                .__i2b
 .text.__multiply
                0x0000000000024298      0x28c /opt/ps3dev/ppu/lib/gcc/powerpc64-ps3-elf/4.7.0/../../../../powerpc64-ps3-elf/lib/libc.a(lib_a-mprec.o)
                0x0000000000024298                .__multiply
 *fill*         0x0000000000024524        0x4 60000000
 .text.__pow5mult
                0x0000000000024528      0x15c /opt/ps3dev/ppu/lib/gcc/powerpc64-ps3-elf/4.7.0/../../../../powerpc64-ps3-elf/lib/libc.a(lib_a-mprec.o)
                0x0000000000024528                .__pow5mult
 *fill*         0x0000000000024684        0x4 60000000
 .text.__lshift
                0x0000000000024688      0x1c4 /opt/ps3dev/ppu/lib/gcc/powerpc64-ps3-elf/4.7.0/../../../../powerpc64-ps3-elf/lib/libc.a(lib_a-mprec.o)
                0x0000000000024688                .__lshift
 *fill*         0x000000000002484c        0x4 60000000
 .text.__mcmp   0x0000000000024850       0x84 /opt/ps3dev/ppu/lib/gcc/powerpc64-ps3-elf/4.7.0/../../../../powerpc64-ps3-elf/lib/libc.a(lib_a-mprec.o)
                0x0000000000024850                .__mcmp
 *fill*         0x00000000000248d4        0x4 60000000
 .text.__mdiff  0x00000000000248d8      0x1fc /opt/ps3dev/ppu/lib/gcc/powerpc64-ps3-elf/4.7.0/../../../../powerpc64-ps3-elf/lib/libc.a(lib_a-mprec.o)
                0x00000000000248d8                .__mdiff
 *fill*         0x0000000000024ad4        0x4 60000000
 .text.__ulp    0x0000000000024ad8       0xb0 /opt/ps3dev/ppu/lib/gcc/powerpc64-ps3-elf/4.7.0/../../../../powerpc64-ps3-elf/lib/libc.a(lib_a-mprec.o)
                0x0000000000024ad8                .__ulp
 .text.__b2d    0x0000000000024b88      0x1a0 /opt/ps3dev/ppu/lib/gcc/powerpc64-ps3-elf/4.7.0/../../../../powerpc64-ps3-elf/lib/libc.a(lib_a-mprec.o)
                0x0000000000024b88                .__b2d
 .text.__d2b    0x0000000000024d28      0x1a4 /opt/ps3dev/ppu/lib/gcc/powerpc64-ps3-elf/4.7.0/../../../../powerpc64-ps3-elf/lib/libc.a(lib_a-mprec.o)
                0x0000000000024d28                .__d2b
 *fill*         0x0000000000024ecc        0x4 60000000
 .text.__ratio  0x0000000000024ed0       0xf8 /opt/ps3dev/ppu/lib/gcc/powerpc64-ps3-elf/4.7.0/../../../../powerpc64-ps3-elf/lib/libc.a(lib_a-mprec.o)
                0x0000000000024ed0                .__ratio
 .text._mprec_log10
                0x0000000000024fc8       0x54 /opt/ps3dev/ppu/lib/gcc/powerpc64-ps3-elf/4.7.0/../../../../powerpc64-ps3-elf/lib/libc.a(lib_a-mprec.o)
                0x0000000000024fc8                ._mprec_log10
 *fill*         0x000000000002501c        0x4 60000000
 .text.__copybits
                0x0000000000025020       0x98 /opt/ps3dev/ppu/lib/gcc/powerpc64-ps3-elf/4.7.0/../../../../powerpc64-ps3-elf/lib/libc.a(lib_a-mprec.o)
                0x0000000000025020                .__copybits
 .text.__any_on
                0x00000000000250b8       0xcc /opt/ps3dev/ppu/lib/gcc/powerpc64-ps3-elf/4.7.0/../../../../powerpc64-ps3-elf/lib/libc.a(lib_a-mprec.o)
                0x00000000000250b8                .__any_on
 .text          0x0000000000025184        0x0 /opt/ps3dev/ppu/lib/gcc/powerpc64-ps3-elf/4.7.0/../../../../powerpc64-ps3-elf/lib/libc.a(lib_a-s_fpclassify.o)
 *fill*         0x0000000000025184        0x4 60000000
 .text.__fpclassifyd
                0x0000000000025188       0xc0 /opt/ps3dev/ppu/lib/gcc/powerpc64-ps3-elf/4.7.0/../../../../powerpc64-ps3-elf/lib/libc.a(lib_a-s_fpclassify.o)
                0x0000000000025188                .__fpclassifyd
 .text          0x0000000000025248        0x0 /opt/ps3dev/ppu/lib/gcc/powerpc64-ps3-elf/4.7.0/../../../../powerpc64-ps3-elf/lib/libc.a(lib_a-strcmp.o)
 .text.strcmp   0x0000000000025248       0xe4 /opt/ps3dev/ppu/lib/gcc/powerpc64-ps3-elf/4.7.0/../../../../powerpc64-ps3-elf/lib/libc.a(lib_a-strcmp.o)
                0x0000000000025248                .strcmp
 .text          0x000000000002532c        0x0 /opt/ps3dev/ppu/lib/gcc/powerpc64-ps3-elf/4.7.0/../../../../powerpc64-ps3-elf/lib/libc.a(lib_a-strlen.o)
 *fill*         0x000000000002532c        0x4 60000000
 .text.strlen   0x0000000000025330       0xd8 /opt/ps3dev/ppu/lib/gcc/powerpc64-ps3-elf/4.7.0/../../../../powerpc64-ps3-elf/lib/libc.a(lib_a-strlen.o)
                0x0000000000025330                .strlen
 .text          0x0000000000025408        0x0 /opt/ps3dev/ppu/lib/gcc/powerpc64-ps3-elf/4.7.0/../../../../powerpc64-ps3-elf/lib/libc.a(lib_a-svfiprintf.o)
 .text.__ssprint_r
                0x0000000000025408      0x2e8 /opt/ps3dev/ppu/lib/gcc/powerpc64-ps3-elf/4.7.0/../../../../powerpc64-ps3-elf/lib/libc.a(lib_a-svfiprintf.o)
                0x0000000000025408                .__ssprint_r
 .text._svfiprintf_r
                0x00000000000256f0      0xfa4 /opt/ps3dev/ppu/lib/gcc/powerpc64-ps3-elf/4.7.0/../../../../powerpc64-ps3-elf/lib/libc.a(lib_a-svfiprintf.o)
                0x00000000000256f0                ._svfiprintf_r
 .text          0x0000000000026694        0x0 /opt/ps3dev/ppu/lib/gcc/powerpc64-ps3-elf/4.7.0/../../../../powerpc64-ps3-elf/lib/libc.a(lib_a-abort.o)
 *fill*         0x0000000000026694        0x4 60000000
 .text.abort    0x0000000000026698       0x30 /opt/ps3dev/ppu/lib/gcc/powerpc64-ps3-elf/4.7.0/../../../../powerpc64-ps3-elf/lib/libc.a(lib_a-abort.o)
                0x0000000000026698                .abort
 .text          0x00000000000266c8        0x0 /opt/ps3dev/ppu/lib/gcc/powerpc64-ps3-elf/4.7.0/../../../../powerpc64-ps3-elf/lib/libc.a(lib_a-callocr.o)
 .text._calloc_r
                0x00000000000266c8       0xe0 /opt/ps3dev/ppu/lib/gcc/powerpc64-ps3-elf/4.7.0/../../../../powerpc64-ps3-elf/lib/libc.a(lib_a-callocr.o)
                0x00000000000266c8                ._calloc_r
 .text          0x00000000000267a8        0x0 /opt/ps3dev/ppu/lib/gcc/powerpc64-ps3-elf/4.7.0/../../../../powerpc64-ps3-elf/lib/libc.a(lib_a-memmove.o)
 .text.memmove  0x00000000000267a8      0x158 /opt/ps3dev/ppu/lib/gcc/powerpc64-ps3-elf/4.7.0/../../../../powerpc64-ps3-elf/lib/libc.a(lib_a-memmove.o)
                0x00000000000267a8                .memmove
 .text          0x0000000000026900        0x0 /opt/ps3dev/ppu/lib/gcc/powerpc64-ps3-elf/4.7.0/../../../../powerpc64-ps3-elf/lib/libc.a(lib_a-reallocr.o)
 .text._realloc_r
                0x0000000000026900      0x70c /opt/ps3dev/ppu/lib/gcc/powerpc64-ps3-elf/4.7.0/../../../../powerpc64-ps3-elf/lib/libc.a(lib_a-reallocr.o)
                0x0000000000026900                ._realloc_r
 .text          0x000000000002700c        0x0 /opt/ps3dev/ppu/lib/gcc/powerpc64-ps3-elf/4.7.0/../../../../powerpc64-ps3-elf/lib/libc.a(lib_a-signal.o)
 *fill*         0x000000000002700c        0x4 60000000
 .text._init_signal_r
                0x0000000000027010       0x90 /opt/ps3dev/ppu/lib/gcc/powerpc64-ps3-elf/4.7.0/../../../../powerpc64-ps3-elf/lib/libc.a(lib_a-signal.o)
                0x0000000000027010                ._init_signal_r
 .text._signal_r
                0x00000000000270a0       0x9c /opt/ps3dev/ppu/lib/gcc/powerpc64-ps3-elf/4.7.0/../../../../powerpc64-ps3-elf/lib/libc.a(lib_a-signal.o)
                0x00000000000270a0                ._signal_r
 *fill*         0x000000000002713c        0x4 60000000
 .text._raise_r
                0x0000000000027140      0x10c /opt/ps3dev/ppu/lib/gcc/powerpc64-ps3-elf/4.7.0/../../../../powerpc64-ps3-elf/lib/libc.a(lib_a-signal.o)
                0x0000000000027140                ._raise_r
 *fill*         0x000000000002724c        0x4 60000000
 .text.__sigtramp_r
                0x0000000000027250       0xd8 /opt/ps3dev/ppu/lib/gcc/powerpc64-ps3-elf/4.7.0/../../../../powerpc64-ps3-elf/lib/libc.a(lib_a-signal.o)
                0x0000000000027250                .__sigtramp_r
 .text.raise    0x0000000000027328       0x40 /opt/ps3dev/ppu/lib/gcc/powerpc64-ps3-elf/4.7.0/../../../../powerpc64-ps3-elf/lib/libc.a(lib_a-signal.o)
                0x0000000000027328                .raise
 .text.signal   0x0000000000027368       0x50 /opt/ps3dev/ppu/lib/gcc/powerpc64-ps3-elf/4.7.0/../../../../powerpc64-ps3-elf/lib/libc.a(lib_a-signal.o)
                0x0000000000027368                .signal
 .text._init_signal
                0x00000000000273b8       0x30 /opt/ps3dev/ppu/lib/gcc/powerpc64-ps3-elf/4.7.0/../../../../powerpc64-ps3-elf/lib/libc.a(lib_a-signal.o)
                0x00000000000273b8                ._init_signal
 .text.__sigtramp
                0x00000000000273e8       0x40 /opt/ps3dev/ppu/lib/gcc/powerpc64-ps3-elf/4.7.0/../../../../powerpc64-ps3-elf/lib/libc.a(lib_a-signal.o)
                0x00000000000273e8                .__sigtramp
 .text          0x0000000000027428        0x0 /opt/ps3dev/psl1ght/ppu/lib/libgcm_sys.a(sprx.o)
 .text          0x0000000000027428        0x0 /opt/ps3dev/psl1ght/ppu/lib/libsysutil.a(sprx.o)
 .text          0x0000000000027428        0x0 /opt/ps3dev/psl1ght/ppu/lib/libsysutil.a(sysutil_wrapper.o)
 .text.sysUtilRegisterCallback
                0x0000000000027428       0x34 /opt/ps3dev/psl1ght/ppu/lib/libsysutil.a(sysutil_wrapper.o)
                0x0000000000027428                .sysUtilRegisterCallback
 *fill*         0x000000000002745c        0x4 60000000
 .text.msgDialogOpen
                0x0000000000027460       0x34 /opt/ps3dev/psl1ght/ppu/lib/libsysutil.a(sysutil_wrapper.o)
                0x0000000000027460                .msgDialogOpen
 *fill*         0x0000000000027494        0x4 60000000
 .text.msgDialogOpen2
                0x0000000000027498       0x34 /opt/ps3dev/psl1ght/ppu/lib/libsysutil.a(sysutil_wrapper.o)
                0x0000000000027498                .msgDialogOpen2
 *fill*         0x00000000000274cc        0x4 60000000
 .text.msgDialogOpenErrorCode
                0x00000000000274d0       0x34 /opt/ps3dev/psl1ght/ppu/lib/libsysutil.a(sysutil_wrapper.o)
                0x00000000000274d0                .msgDialogOpenErrorCode
 *fill*         0x0000000000027504        0x4 60000000
 .text.sysSaveListLoad2
                0x0000000000027508       0x3c /opt/ps3dev/psl1ght/ppu/lib/libsysutil.a(sysutil_wrapper.o)
                0x0000000000027508                .sysSaveListLoad2
 *fill*         0x0000000000027544        0x4 60000000
 .text.sysSaveListSave2
                0x0000000000027548       0x3c /opt/ps3dev/psl1ght/ppu/lib/libsysutil.a(sysutil_wrapper.o)
                0x0000000000027548                .sysSaveListSave2
 *fill*         0x0000000000027584        0x4 60000000
 .text.sysSaveListAutoLoad
                0x0000000000027588       0x44 /opt/ps3dev/psl1ght/ppu/lib/libsysutil.a(sysutil_wrapper.o)
                0x0000000000027588                .sysSaveListAutoLoad
 *fill*         0x00000000000275cc        0x4 60000000
 .text.sysSaveListAutoSave
                0x00000000000275d0       0x44 /opt/ps3dev/psl1ght/ppu/lib/libsysutil.a(sysutil_wrapper.o)
                0x00000000000275d0                .sysSaveListAutoSave
 *fill*         0x0000000000027614        0x4 60000000
 .text.sysSaveFixedLoad2
                0x0000000000027618       0x3c /opt/ps3dev/psl1ght/ppu/lib/libsysutil.a(sysutil_wrapper.o)
                0x0000000000027618                .sysSaveFixedLoad2
 *fill*         0x0000000000027654        0x4 60000000
 .text.sysSaveFixedSave2
                0x0000000000027658       0x3c /opt/ps3dev/psl1ght/ppu/lib/libsysutil.a(sysutil_wrapper.o)
                0x0000000000027658                .sysSaveFixedSave2
 *fill*         0x0000000000027694        0x4 60000000
 .text.sysSaveAutoLoad2
                0x0000000000027698       0x38 /opt/ps3dev/psl1ght/ppu/lib/libsysutil.a(sysutil_wrapper.o)
                0x0000000000027698                .sysSaveAutoLoad2
 .text.sysSaveAutoSave2
                0x00000000000276d0       0x38 /opt/ps3dev/psl1ght/ppu/lib/libsysutil.a(sysutil_wrapper.o)
                0x00000000000276d0                .sysSaveAutoSave2
 .text.sysGameThemeInstallFromBuffer
                0x0000000000027708       0x34 /opt/ps3dev/psl1ght/ppu/lib/libsysutil.a(sysutil_wrapper.o)
                0x0000000000027708                .sysGameThemeInstallFromBuffer
 *fill*         0x000000000002773c        0x4 60000000
 .text.sysGameDiscRegisterDiscChangeCallback
                0x0000000000027740       0x38 /opt/ps3dev/psl1ght/ppu/lib/libsysutil.a(sysutil_wrapper.o)
                0x0000000000027740                .sysGameDiscRegisterDiscChangeCallback
 .text.sysDiscRegisterDiscChangeCallback
                0x0000000000027778       0x38 /opt/ps3dev/psl1ght/ppu/lib/libsysutil.a(sysutil_wrapper.o)
                0x0000000000027778                .sysDiscRegisterDiscChangeCallback
 .text          0x00000000000277b0        0x0 /opt/ps3dev/psl1ght/ppu/lib/libio.a(sprx.o)
 .text          0x00000000000277b0        0x0 /opt/ps3dev/ppu/lib/gcc/powerpc64-ps3-elf/4.7.0/../../../../powerpc64-ps3-elf/lib/libm.a(lib_a-sf_cos.o)
 .text.cosf     0x00000000000277b0      0x10c /opt/ps3dev/ppu/lib/gcc/powerpc64-ps3-elf/4.7.0/../../../../powerpc64-ps3-elf/lib/libm.a(lib_a-sf_cos.o)
                0x00000000000277b0                .cosf
 .text          0x00000000000278bc        0x0 /opt/ps3dev/ppu/lib/gcc/powerpc64-ps3-elf/4.7.0/../../../../powerpc64-ps3-elf/lib/libm.a(lib_a-sf_sin.o)
 *fill*         0x00000000000278bc        0x4 60000000
 .text.sinf     0x00000000000278c0      0x114 /opt/ps3dev/ppu/lib/gcc/powerpc64-ps3-elf/4.7.0/../../../../powerpc64-ps3-elf/lib/libm.a(lib_a-sf_sin.o)
                0x00000000000278c0                .sinf
 .text          0x00000000000279d4        0x0 /opt/ps3dev/ppu/lib/gcc/powerpc64-ps3-elf/4.7.0/../../../../powerpc64-ps3-elf/lib/libm.a(lib_a-sf_tan.o)
 *fill*         0x00000000000279d4        0x4 60000000
 .text.tanf     0x00000000000279d8       0xb8 /opt/ps3dev/ppu/lib/gcc/powerpc64-ps3-elf/4.7.0/../../../../powerpc64-ps3-elf/lib/libm.a(lib_a-sf_tan.o)
                0x00000000000279d8                .tanf
 .text          0x0000000000027a90        0x0 /opt/ps3dev/ppu/lib/gcc/powerpc64-ps3-elf/4.7.0/../../../../powerpc64-ps3-elf/lib/libm.a(lib_a-wf_sqrt.o)
 .text.sqrtf    0x0000000000027a90      0x150 /opt/ps3dev/ppu/lib/gcc/powerpc64-ps3-elf/4.7.0/../../../../powerpc64-ps3-elf/lib/libm.a(lib_a-wf_sqrt.o)
                0x0000000000027a90                .sqrtf
 .text          0x0000000000027be0        0x0 /opt/ps3dev/ppu/lib/gcc/powerpc64-ps3-elf/4.7.0/../../../../powerpc64-ps3-elf/lib/libm.a(lib_a-w_sqrt.o)
 .text.sqrt     0x0000000000027be0      0x144 /opt/ps3dev/ppu/lib/gcc/powerpc64-ps3-elf/4.7.0/../../../../powerpc64-ps3-elf/lib/libm.a(lib_a-w_sqrt.o)
                0x0000000000027be0                .sqrt
 .text          0x0000000000027d24        0x0 /opt/ps3dev/ppu/lib/gcc/powerpc64-ps3-elf/4.7.0/../../../../powerpc64-ps3-elf/lib/libm.a(lib_a-ef_rem_pio2.o)
 *fill*         0x0000000000027d24        0x4 60000000
 .text.__ieee754_rem_pio2f
                0x0000000000027d28      0x498 /opt/ps3dev/ppu/lib/gcc/powerpc64-ps3-elf/4.7.0/../../../../powerpc64-ps3-elf/lib/libm.a(lib_a-ef_rem_pio2.o)
                0x0000000000027d28                .__ieee754_rem_pio2f
 .text          0x00000000000281c0        0x0 /opt/ps3dev/ppu/lib/gcc/powerpc64-ps3-elf/4.7.0/../../../../powerpc64-ps3-elf/lib/libm.a(lib_a-ef_sqrt.o)
 .text.__ieee754_sqrtf
                0x00000000000281c0      0x178 /opt/ps3dev/ppu/lib/gcc/powerpc64-ps3-elf/4.7.0/../../../../powerpc64-ps3-elf/lib/libm.a(lib_a-ef_sqrt.o)
                0x00000000000281c0                .__ieee754_sqrtf
 .text          0x0000000000028338        0x0 /opt/ps3dev/ppu/lib/gcc/powerpc64-ps3-elf/4.7.0/../../../../powerpc64-ps3-elf/lib/libm.a(lib_a-e_sqrt.o)
 .text.__ieee754_sqrt
                0x0000000000028338      0x320 /opt/ps3dev/ppu/lib/gcc/powerpc64-ps3-elf/4.7.0/../../../../powerpc64-ps3-elf/lib/libm.a(lib_a-e_sqrt.o)
                0x0000000000028338                .__ieee754_sqrt
 .text          0x0000000000028658        0x0 /opt/ps3dev/ppu/lib/gcc/powerpc64-ps3-elf/4.7.0/../../../../powerpc64-ps3-elf/lib/libm.a(lib_a-kf_cos.o)
 .text.__kernel_cosf
                0x0000000000028658      0x1b8 /opt/ps3dev/ppu/lib/gcc/powerpc64-ps3-elf/4.7.0/../../../../powerpc64-ps3-elf/lib/libm.a(lib_a-kf_cos.o)
                0x0000000000028658                .__kernel_cosf
 .text          0x0000000000028810        0x0 /opt/ps3dev/ppu/lib/gcc/powerpc64-ps3-elf/4.7.0/../../../../powerpc64-ps3-elf/lib/libm.a(lib_a-kf_rem_pio2.o)
 .text.__kernel_rem_pio2f
                0x0000000000028810      0xc44 /opt/ps3dev/ppu/lib/gcc/powerpc64-ps3-elf/4.7.0/../../../../powerpc64-ps3-elf/lib/libm.a(lib_a-kf_rem_pio2.o)
                0x0000000000028810                .__kernel_rem_pio2f
 .text          0x0000000000029454        0x0 /opt/ps3dev/ppu/lib/gcc/powerpc64-ps3-elf/4.7.0/../../../../powerpc64-ps3-elf/lib/libm.a(lib_a-kf_sin.o)
 *fill*         0x0000000000029454        0x4 60000000
 .text.__kernel_sinf
                0x0000000000029458       0xe0 /opt/ps3dev/ppu/lib/gcc/powerpc64-ps3-elf/4.7.0/../../../../powerpc64-ps3-elf/lib/libm.a(lib_a-kf_sin.o)
                0x0000000000029458                .__kernel_sinf
 .text          0x0000000000029538        0x0 /opt/ps3dev/ppu/lib/gcc/powerpc64-ps3-elf/4.7.0/../../../../powerpc64-ps3-elf/lib/libm.a(lib_a-kf_tan.o)
 .text.__kernel_tanf
                0x0000000000029538      0x340 /opt/ps3dev/ppu/lib/gcc/powerpc64-ps3-elf/4.7.0/../../../../powerpc64-ps3-elf/lib/libm.a(lib_a-kf_tan.o)
                0x0000000000029538                .__kernel_tanf
 .text          0x0000000000029878        0x0 /opt/ps3dev/ppu/lib/gcc/powerpc64-ps3-elf/4.7.0/../../../../powerpc64-ps3-elf/lib/libm.a(lib_a-sf_fabs.o)
 .text.fabsf    0x0000000000029878       0x24 /opt/ps3dev/ppu/lib/gcc/powerpc64-ps3-elf/4.7.0/../../../../powerpc64-ps3-elf/lib/libm.a(lib_a-sf_fabs.o)
                0x0000000000029878                .fabsf
 .text          0x000000000002989c        0x0 /opt/ps3dev/ppu/lib/gcc/powerpc64-ps3-elf/4.7.0/../../../../powerpc64-ps3-elf/lib/libm.a(lib_a-sf_floor.o)
 *fill*         0x000000000002989c        0x4 60000000
 .text.floorf   0x00000000000298a0      0x11c /opt/ps3dev/ppu/lib/gcc/powerpc64-ps3-elf/4.7.0/../../../../powerpc64-ps3-elf/lib/libm.a(lib_a-sf_floor.o)
                0x00000000000298a0                .floorf
 .text          0x00000000000299bc        0x0 /opt/ps3dev/ppu/lib/gcc/powerpc64-ps3-elf/4.7.0/../../../../powerpc64-ps3-elf/lib/libm.a(lib_a-sf_fpclassify.o)
 *fill*         0x00000000000299bc        0x4 60000000
 .text.__fpclassifyf
                0x00000000000299c0       0xa8 /opt/ps3dev/ppu/lib/gcc/powerpc64-ps3-elf/4.7.0/../../../../powerpc64-ps3-elf/lib/libm.a(lib_a-sf_fpclassify.o)
                0x00000000000299c0                .__fpclassifyf
 .text          0x0000000000029a68        0x0 /opt/ps3dev/ppu/lib/gcc/powerpc64-ps3-elf/4.7.0/../../../../powerpc64-ps3-elf/lib/libm.a(lib_a-sf_scalbn.o)
 .text.scalbnf  0x0000000000029a68      0x1a4 /opt/ps3dev/ppu/lib/gcc/powerpc64-ps3-elf/4.7.0/../../../../powerpc64-ps3-elf/lib/libm.a(lib_a-sf_scalbn.o)
                0x0000000000029a68                .scalbnf
 .text          0x0000000000029c0c        0x0 /opt/ps3dev/ppu/lib/gcc/powerpc64-ps3-elf/4.7.0/../../../../powerpc64-ps3-elf/lib/libm.a(lib_a-s_lib_ver.o)
 .text          0x0000000000029c0c        0x0 /opt/ps3dev/ppu/lib/gcc/powerpc64-ps3-elf/4.7.0/../../../../powerpc64-ps3-elf/lib/libm.a(lib_a-s_matherr.o)
 *fill*         0x0000000000029c0c        0x4 60000000
 .text.matherr  0x0000000000029c10       0x14 /opt/ps3dev/ppu/lib/gcc/powerpc64-ps3-elf/4.7.0/../../../../powerpc64-ps3-elf/lib/libm.a(lib_a-s_matherr.o)
                0x0000000000029c10                .matherr
 .text          0x0000000000029c24        0x0 /opt/ps3dev/ppu/lib/gcc/powerpc64-ps3-elf/4.7.0/../../../../powerpc64-ps3-elf/lib/libm.a(lib_a-sf_copysign.o)
 *fill*         0x0000000000029c24        0x4 60000000
 .text.copysignf
                0x0000000000029c28       0x34 /opt/ps3dev/ppu/lib/gcc/powerpc64-ps3-elf/4.7.0/../../../../powerpc64-ps3-elf/lib/libm.a(lib_a-sf_copysign.o)
                0x0000000000029c28                .copysignf
 .text          0x0000000000029c5c        0x0 /opt/ps3dev/psl1ght/ppu/lib/librt.a(sbrk.o)
 *fill*         0x0000000000029c5c        0x4 60000000
 .text.startup.sbrk_init
                0x0000000000029c60       0xb4 /opt/ps3dev/psl1ght/ppu/lib/librt.a(sbrk.o)
 *fill*         0x0000000000029d14        0x4 60000000
 .text.sbrk_deinit
                0x0000000000029d18       0xc8 /opt/ps3dev/psl1ght/ppu/lib/librt.a(sbrk.o)
 .text.__librt_sbrk_r
                0x0000000000029de0      0x29c /opt/ps3dev/psl1ght/ppu/lib/librt.a(sbrk.o)
                0x0000000000029de0                .__librt_sbrk_r
 .text          0x000000000002a07c        0x0 /opt/ps3dev/psl1ght/ppu/lib/librt.a(exit.o)
 *fill*         0x000000000002a07c        0x4 60000000
 .text.__librt_exit
                0x000000000002a080       0x30 /opt/ps3dev/psl1ght/ppu/lib/librt.a(exit.o)
                0x000000000002a080                .__librt_exit
 .text          0x000000000002a0b0        0x0 /opt/ps3dev/psl1ght/ppu/lib/librt.a(close.o)
 .text.__librt_close_r
                0x000000000002a0b0       0x88 /opt/ps3dev/psl1ght/ppu/lib/librt.a(close.o)
                0x000000000002a0b0                .__librt_close_r
 .text          0x000000000002a138        0x0 /opt/ps3dev/psl1ght/ppu/lib/librt.a(lseek.o)
 .text.__librt_lseek_r
                0x000000000002a138       0x8c /opt/ps3dev/psl1ght/ppu/lib/librt.a(lseek.o)
                0x000000000002a138                .__librt_lseek_r
 *fill*         0x000000000002a1c4        0x4 60000000
 .text.__librt_lseek64_r
                0x000000000002a1c8       0x8c /opt/ps3dev/psl1ght/ppu/lib/librt.a(lseek.o)
                0x000000000002a1c8                .__librt_lseek64_r
 .text          0x000000000002a254        0x0 /opt/ps3dev/psl1ght/ppu/lib/librt.a(read.o)
 *fill*         0x000000000002a254        0x4 60000000
 .text.__librt_read_r
                0x000000000002a258      0x110 /opt/ps3dev/psl1ght/ppu/lib/librt.a(read.o)
                0x000000000002a258                .__librt_read_r
 .text          0x000000000002a368        0x0 /opt/ps3dev/psl1ght/ppu/lib/librt.a(open.o)
 .text.__librt_open_r
                0x000000000002a368      0x180 /opt/ps3dev/psl1ght/ppu/lib/librt.a(open.o)
                0x000000000002a368                .__librt_open_r
 .text          0x000000000002a4e8        0x0 /opt/ps3dev/psl1ght/ppu/lib/librt.a(sleep.o)
 .text.__librt_usleep_r
                0x000000000002a4e8       0x50 /opt/ps3dev/psl1ght/ppu/lib/librt.a(sleep.o)
                0x000000000002a4e8                .__librt_usleep_r
 .text.__librt_sleep_r
                0x000000000002a538       0x8c /opt/ps3dev/psl1ght/ppu/lib/librt.a(sleep.o)
                0x000000000002a538                .__librt_sleep_r
 .text          0x000000000002a5c4        0x0 /opt/ps3dev/psl1ght/ppu/lib/librt.a(write.o)
 *fill*         0x000000000002a5c4        0x4 60000000
 .text.__librt_write_r
                0x000000000002a5c8      0x124 /opt/ps3dev/psl1ght/ppu/lib/librt.a(write.o)
                0x000000000002a5c8                .__librt_write_r
 .text          0x000000000002a6ec        0x0 /opt/ps3dev/psl1ght/ppu/lib/librt.a(fstat.o)
 *fill*         0x000000000002a6ec        0x4 60000000
 .text.convertLv2Stat
                0x000000000002a6f0      0x234 /opt/ps3dev/psl1ght/ppu/lib/librt.a(fstat.o)
 *fill*         0x000000000002a924        0x4 60000000
 .text.__librt_fstat_r
                0x000000000002a928       0x88 /opt/ps3dev/psl1ght/ppu/lib/librt.a(fstat.o)
                0x000000000002a928                .__librt_fstat_r
 .text.__librt_fstat64_r
                0x000000000002a9b0       0x88 /opt/ps3dev/psl1ght/ppu/lib/librt.a(fstat.o)
                0x000000000002a9b0                .__librt_fstat64_r
 .text.__librt_stat_r
                0x000000000002aa38       0x88 /opt/ps3dev/psl1ght/ppu/lib/librt.a(fstat.o)
                0x000000000002aa38                .__librt_stat_r
 .text.__librt_stat64_r
                0x000000000002aac0       0x88 /opt/ps3dev/psl1ght/ppu/lib/librt.a(fstat.o)
                0x000000000002aac0                .__librt_stat64_r
 .text          0x000000000002ab48        0x0 /opt/ps3dev/psl1ght/ppu/lib/librt.a(socket.o)
 .text.accept   0x000000000002ab48       0xac /opt/ps3dev/psl1ght/ppu/lib/librt.a(socket.o)
                0x000000000002ab48                .accept
 *fill*         0x000000000002abf4        0x4 60000000
 .text.bind     0x000000000002abf8       0x48 /opt/ps3dev/psl1ght/ppu/lib/librt.a(socket.o)
                0x000000000002abf8                .bind
 .text.connect  0x000000000002ac40       0x48 /opt/ps3dev/psl1ght/ppu/lib/librt.a(socket.o)
                0x000000000002ac40                .connect
 .text.listen   0x000000000002ac88       0x48 /opt/ps3dev/psl1ght/ppu/lib/librt.a(socket.o)
                0x000000000002ac88                .listen
 .text.socket   0x000000000002acd0       0x54 /opt/ps3dev/psl1ght/ppu/lib/librt.a(socket.o)
                0x000000000002acd0                .socket
 *fill*         0x000000000002ad24        0x4 60000000
 .text.send     0x000000000002ad28       0x50 /opt/ps3dev/psl1ght/ppu/lib/librt.a(socket.o)
                0x000000000002ad28                .send
 .text.sendto   0x000000000002ad78       0x48 /opt/ps3dev/psl1ght/ppu/lib/librt.a(socket.o)
                0x000000000002ad78                .sendto
 .text.recv     0x000000000002adc0       0x50 /opt/ps3dev/psl1ght/ppu/lib/librt.a(socket.o)
                0x000000000002adc0                .recv
 .text.recvfrom
                0x000000000002ae10       0xa0 /opt/ps3dev/psl1ght/ppu/lib/librt.a(socket.o)
                0x000000000002ae10                .recvfrom
 .text.shutdown
                0x000000000002aeb0       0x48 /opt/ps3dev/psl1ght/ppu/lib/librt.a(socket.o)
                0x000000000002aeb0                .shutdown
 .text.inet_aton
                0x000000000002aef8       0xbc /opt/ps3dev/psl1ght/ppu/lib/librt.a(socket.o)
                0x000000000002aef8                .inet_aton
 *fill*         0x000000000002afb4        0x4 60000000
 .text.inet_pton
                0x000000000002afb8       0x48 /opt/ps3dev/psl1ght/ppu/lib/librt.a(socket.o)
                0x000000000002afb8                .inet_pton
 .text.select   0x000000000002b000       0x3c /opt/ps3dev/psl1ght/ppu/lib/librt.a(socket.o)
                0x000000000002b000                .select
 *fill*         0x000000000002b03c        0x4 60000000
 .text.closesocket
                0x000000000002b040       0x48 /opt/ps3dev/psl1ght/ppu/lib/librt.a(socket.o)
                0x000000000002b040                .closesocket
 .text          0x000000000002b088        0x0 /opt/ps3dev/psl1ght/ppu/lib/librt.a(lock.o)
 .text.__librt_sys_lwmutex_create_r
                0x000000000002b088       0x38 /opt/ps3dev/psl1ght/ppu/lib/librt.a(lock.o)
                0x000000000002b088                .__librt_sys_lwmutex_create_r
 .text.__librt_sys_lwmutex_destroy_r
                0x000000000002b0c0       0x34 /opt/ps3dev/psl1ght/ppu/lib/librt.a(lock.o)
                0x000000000002b0c0                .__librt_sys_lwmutex_destroy_r
 *fill*         0x000000000002b0f4        0x4 60000000
 .text.__librt_sys_lwmutex_lock_r
                0x000000000002b0f8       0x38 /opt/ps3dev/psl1ght/ppu/lib/librt.a(lock.o)
                0x000000000002b0f8                .__librt_sys_lwmutex_lock_r
 .text.__librt_sys_lwmutex_trylock_r
                0x000000000002b130       0x34 /opt/ps3dev/psl1ght/ppu/lib/librt.a(lock.o)
                0x000000000002b130                .__librt_sys_lwmutex_trylock_r
 *fill*         0x000000000002b164        0x4 60000000
 .text.__librt_sys_lwmutex_unlock_r
                0x000000000002b168       0x34 /opt/ps3dev/psl1ght/ppu/lib/librt.a(lock.o)
                0x000000000002b168                .__librt_sys_lwmutex_unlock_r
 .text          0x000000000002b19c        0x0 /opt/ps3dev/psl1ght/ppu/lib/librt.a(dirent.o)
 *fill*         0x000000000002b19c        0x4 60000000
 .text.readdir_i
                0x000000000002b1a0      0x10c /opt/ps3dev/psl1ght/ppu/lib/librt.a(dirent.o)
 *fill*         0x000000000002b2ac        0x4 60000000
 .text.__librt_opendir_r
                0x000000000002b2b0      0x13c /opt/ps3dev/psl1ght/ppu/lib/librt.a(dirent.o)
                0x000000000002b2b0                .__librt_opendir_r
 *fill*         0x000000000002b3ec        0x4 60000000
 .text.__librt_readdir_r
                0x000000000002b3f0       0x80 /opt/ps3dev/psl1ght/ppu/lib/librt.a(dirent.o)
                0x000000000002b3f0                .__librt_readdir_r
 .text.__librt_readdir_r_r
                0x000000000002b470       0x54 /opt/ps3dev/psl1ght/ppu/lib/librt.a(dirent.o)
                0x000000000002b470                .__librt_readdir_r_r
 *fill*         0x000000000002b4c4        0x4 60000000
 .text.__librt_closedir_r
                0x000000000002b4c8       0x84 /opt/ps3dev/psl1ght/ppu/lib/librt.a(dirent.o)
                0x000000000002b4c8                .__librt_closedir_r
 *fill*         0x000000000002b54c        0x4 60000000
 .text.__librt_telldir_r
                0x000000000002b550       0x2c /opt/ps3dev/psl1ght/ppu/lib/librt.a(dirent.o)
                0x000000000002b550                .__librt_telldir_r
 *fill*         0x000000000002b57c        0x4 60000000
 .text.__librt_rewinddir_r
                0x000000000002b580       0x18 /opt/ps3dev/psl1ght/ppu/lib/librt.a(dirent.o)
                0x000000000002b580                .__librt_rewinddir_r
 .text.__librt_seekdir_r
                0x000000000002b598       0x18 /opt/ps3dev/psl1ght/ppu/lib/librt.a(dirent.o)
                0x000000000002b598                .__librt_seekdir_r
 .text          0x000000000002b5b0        0x0 /opt/ps3dev/psl1ght/ppu/lib/librt.a(mkdir.o)
 .text.__librt_mkdir_r
                0x000000000002b5b0       0x60 /opt/ps3dev/psl1ght/ppu/lib/librt.a(mkdir.o)
                0x000000000002b5b0                .__librt_mkdir_r
 .text          0x000000000002b610        0x0 /opt/ps3dev/psl1ght/ppu/lib/librt.a(times.o)
 .text.__librt_times_r
                0x000000000002b610       0x1c /opt/ps3dev/psl1ght/ppu/lib/librt.a(times.o)
                0x000000000002b610                .__librt_times_r
 .text          0x000000000002b62c        0x0 /opt/ps3dev/psl1ght/ppu/lib/librt.a(umask.o)
 *fill*         0x000000000002b62c        0x4 60000000
 .text.__librt_umask_r
                0x000000000002b630       0x20 /opt/ps3dev/psl1ght/ppu/lib/librt.a(umask.o)
                0x000000000002b630                .__librt_umask_r